<html>
<body>
<pre>
<h1>µVision Build Log</h1>
<h2>Tool Versions:</h2>
IDE-Version: µVision V5.17.0.0
Copyright (C) 2015 ARM Ltd and ARM Germany GmbH. All rights reserved.
License Information: Roman kknik75@hotma, sibiryak-soft, LIC=NHY45-GAZ95-152TV-PZW6X-4BUKS-YHEYS
 
Tool Versions:
Toolchain:       MDK-ARM Professional  Version: 5.17
Toolchain Path:  E:\ghost\Keil\ARM\ARMCC\Bin
C Compiler:      Armcc.exe V5.06 update 1 (build 61)
Assembler:       Armasm.exe V5.06 update 1 (build 61)
Linker/Locator:  ArmLink.exe V5.06 update 1 (build 61)
Library Manager: ArmAr.exe V5.06 update 1 (build 61)
Hex Converter:   FromElf.exe V5.06 update 1 (build 61)
CPU DLL:         SARMCM3.DLL V5.17
Dialog DLL:      DCM.DLL V1.13.4.0
Target DLL:      STLink\ST-LINKIII-KEIL_SWO.dll V2.0.18.0
Dialog DLL:      TCM.DLL V1.14.6.0
 
<h2>Project:</h2>
E:\ghost\keilproj\standalone-web-server\web.uvprojx
Project File Date:  01/20/2016

<h2>Output:</h2>
*** Using Compiler 'V5.06 update 1 (build 61)', folder: 'E:\ghost\Keil\ARM\ARMCC\Bin'
Build target 'Target 1'
compiling main.cpp...
.\device\inc\device.h(55): warning:  #111-D: statement is unreachable
              web.run();
user\src\main.cpp: 1 warning, 0 errors
compiling device.cpp...
.\device\inc\device.h(55): warning:  #111-D: statement is unreachable
              web.run();
device\src\device.cpp: 1 warning, 0 errors
compiling sspi.cpp...
.\device\inc\device.h(55): warning:  #111-D: statement is unreachable
              web.run();
ethernet\src\sspi.cpp(58): warning:  #1-D: last line of file ends without a newline
              
ethernet\src\sspi.cpp: 2 warnings, 0 errors
compiling web_interface.cpp...
.\device\inc\device.h(55): warning:  #111-D: statement is unreachable
              web.run();
web_server\src\web_interface.cpp(11): warning:  #1-D: last line of file ends without a newline
  }
web_server\src\web_interface.cpp: 2 warnings, 0 errors
linking...
Program Size: Code=5838 RO-data=570 RW-data=20 ZI-data=1772  
FromELF: creating hex file...
".\Objects\web.axf" - 0 Error(s), 6 Warning(s).

<h2>Software Packages used:</h2>

Package Vendor: ARM
                http://www.keil.com/pack/ARM.CMSIS.4.5.0.pack
                ARM::CMSIS:DSP:1.4.6
                CMSIS (Cortex Microcontroller Software Interface Standard)
   * Component: DSP Version: 1.4.6
   * Component: CORE Version: 4.3.0

Package Vendor: Keil
                http://www.keil.com/pack/Keil.STM32F7xx_DFP.2.3.0.pack
                Keil::Device:Startup:1.0.1
                STMicroelectronics STM32F7 Series Device Support, Drivers and Examples
   * Component: Startup Version: 1.0.1

<h2>Collection of Component include folders:</h2>
  E:\ghost\keilproj\standalone-web-server\RTE
  E:\ghost\Keil\ARM\PACK\ARM\CMSIS\4.5.0\CMSIS\Include
  E:\ghost\Keil\ARM\PACK\Keil\STM32F7xx_DFP\2.3.0\Drivers\CMSIS\Device\ST\STM32F7xx\Include

<h2>Collection of Component Files used:</h2>

   * Component: ARM::CMSIS:DSP:1.4.6
      Include file:  CMSIS\Include\arm_math.h
      Library file:  CMSIS\Lib\ARM\arm_cortexM7lfsp_math.lib

   * Component: ARM::CMSIS:CORE:4.3.0

   * Component: Keil::Device:Startup:1.0.1
      Source file:   MDK\Device\Source\ARM\STM32F7xx_OTP.s
      Include file:  Drivers\CMSIS\Device\ST\STM32F7xx\Include\stm32f7xx.h
      Source file:   MDK\Device\Source\ARM\STM32F7xx_OPT.s
      Source file:   Drivers\CMSIS\Device\ST\STM32F7xx\Source\Templates\arm\startup_stm32f746xx.s
      Source file:   Drivers\CMSIS\Device\ST\STM32F7xx\Source\Templates\system_stm32f7xx.c
Build Time Elapsed:  00:00:06
</pre>
</body>
</html>
