Component: ARM Compiler 5.06 update 1 (build 61) Tool: armlink [4d35a8]

==============================================================================

Section Cross References

    stm32f7xx_hal.o(i.HAL_DeInit) refers to stm32f7xx_hal.o(i.HAL_MspDeInit) for HAL_MspDeInit
    stm32f7xx_hal.o(i.HAL_Delay) refers to stm32f7xx_hal.o(i.HAL_GetTick) for HAL_GetTick
    stm32f7xx_hal.o(i.HAL_GetTick) refers to stm32f7xx_hal.o(.data) for uwTick
    stm32f7xx_hal.o(i.HAL_IncTick) refers to stm32f7xx_hal.o(.data) for uwTick
    stm32f7xx_hal.o(i.HAL_Init) refers to stm32f7xx_hal_cortex.o(i.HAL_NVIC_SetPriorityGrouping) for HAL_NVIC_SetPriorityGrouping
    stm32f7xx_hal.o(i.HAL_Init) refers to stm32f7xx_hal.o(i.HAL_InitTick) for HAL_InitTick
    stm32f7xx_hal.o(i.HAL_Init) refers to stm32f7xx_hal.o(i.HAL_MspInit) for HAL_MspInit
    stm32f7xx_hal.o(i.HAL_InitTick) refers to stm32f7xx_hal_rcc.o(i.HAL_RCC_GetHCLKFreq) for HAL_RCC_GetHCLKFreq
    stm32f7xx_hal.o(i.HAL_InitTick) refers to stm32f7xx_hal_cortex.o(i.HAL_SYSTICK_Config) for HAL_SYSTICK_Config
    stm32f7xx_hal.o(i.HAL_InitTick) refers to stm32f7xx_hal_cortex.o(i.HAL_NVIC_SetPriority) for HAL_NVIC_SetPriority
    stm32f7xx_hal.o(.ARM.exidx) refers to stm32f7xx_hal.o(i.HAL_MspInit) for i.HAL_MspInit
    stm32f7xx_hal.o(.ARM.exidx) refers to stm32f7xx_hal.o(i.HAL_InitTick) for i.HAL_InitTick
    stm32f7xx_hal.o(.ARM.exidx) refers to stm32f7xx_hal.o(i.HAL_Init) for i.HAL_Init
    stm32f7xx_hal.o(.ARM.exidx) refers to stm32f7xx_hal.o(i.HAL_MspDeInit) for i.HAL_MspDeInit
    stm32f7xx_hal.o(.ARM.exidx) refers to stm32f7xx_hal.o(i.HAL_DeInit) for i.HAL_DeInit
    stm32f7xx_hal.o(.ARM.exidx) refers to stm32f7xx_hal.o(i.HAL_IncTick) for i.HAL_IncTick
    stm32f7xx_hal.o(.ARM.exidx) refers to stm32f7xx_hal.o(i.HAL_GetTick) for i.HAL_GetTick
    stm32f7xx_hal.o(.ARM.exidx) refers to stm32f7xx_hal.o(i.HAL_Delay) for i.HAL_Delay
    stm32f7xx_hal.o(.ARM.exidx) refers to stm32f7xx_hal.o(i.HAL_SuspendTick) for i.HAL_SuspendTick
    stm32f7xx_hal.o(.ARM.exidx) refers to stm32f7xx_hal.o(i.HAL_ResumeTick) for i.HAL_ResumeTick
    stm32f7xx_hal.o(.ARM.exidx) refers to stm32f7xx_hal.o(i.HAL_GetHalVersion) for i.HAL_GetHalVersion
    stm32f7xx_hal.o(.ARM.exidx) refers to stm32f7xx_hal.o(i.HAL_GetREVID) for i.HAL_GetREVID
    stm32f7xx_hal.o(.ARM.exidx) refers to stm32f7xx_hal.o(i.HAL_GetDEVID) for i.HAL_GetDEVID
    stm32f7xx_hal.o(.ARM.exidx) refers to stm32f7xx_hal.o(i.HAL_DBGMCU_EnableDBGSleepMode) for i.HAL_DBGMCU_EnableDBGSleepMode
    stm32f7xx_hal.o(.ARM.exidx) refers to stm32f7xx_hal.o(i.HAL_DBGMCU_DisableDBGSleepMode) for i.HAL_DBGMCU_DisableDBGSleepMode
    stm32f7xx_hal.o(.ARM.exidx) refers to stm32f7xx_hal.o(i.HAL_DBGMCU_EnableDBGStopMode) for i.HAL_DBGMCU_EnableDBGStopMode
    stm32f7xx_hal.o(.ARM.exidx) refers to stm32f7xx_hal.o(i.HAL_DBGMCU_DisableDBGStopMode) for i.HAL_DBGMCU_DisableDBGStopMode
    stm32f7xx_hal.o(.ARM.exidx) refers to stm32f7xx_hal.o(i.HAL_DBGMCU_EnableDBGStandbyMode) for i.HAL_DBGMCU_EnableDBGStandbyMode
    stm32f7xx_hal.o(.ARM.exidx) refers to stm32f7xx_hal.o(i.HAL_DBGMCU_DisableDBGStandbyMode) for i.HAL_DBGMCU_DisableDBGStandbyMode
    stm32f7xx_hal.o(.ARM.exidx) refers to stm32f7xx_hal.o(i.HAL_EnableCompensationCell) for i.HAL_EnableCompensationCell
    stm32f7xx_hal.o(.ARM.exidx) refers to stm32f7xx_hal.o(i.HAL_DisableCompensationCell) for i.HAL_DisableCompensationCell
    stm32f7xx_hal.o(.ARM.exidx) refers to stm32f7xx_hal.o(i.HAL_EnableFMCMemorySwapping) for i.HAL_EnableFMCMemorySwapping
    stm32f7xx_hal.o(.ARM.exidx) refers to stm32f7xx_hal.o(i.HAL_DisableFMCMemorySwapping) for i.HAL_DisableFMCMemorySwapping
    stm32f7xx_hal_cortex.o(i.HAL_NVIC_GetPriorityGrouping) refers to stm32f7xx_hal_cortex.o(i._ZN44_INTERNAL_22_stm32f7xx_hal_cortex_c_2992dbc024NVIC_GetPriorityGroupingEv) for [local to stm32f7xx_hal_cortex_c]::NVIC_GetPriorityGrouping()
    stm32f7xx_hal_cortex.o(i.HAL_NVIC_SetPriority) refers to stm32f7xx_hal_cortex.o(i._ZN44_INTERNAL_22_stm32f7xx_hal_cortex_c_2992dbc024NVIC_GetPriorityGroupingEv) for [local to stm32f7xx_hal_cortex_c]::NVIC_GetPriorityGrouping()
    stm32f7xx_hal_cortex.o(i.HAL_NVIC_SetPriority) refers to stm32f7xx_hal_cortex.o(i._ZN44_INTERNAL_22_stm32f7xx_hal_cortex_c_2992dbc016NVIC_SetPriorityE9IRQn_Typej) for [local to stm32f7xx_hal_cortex_c]::NVIC_SetPriority(IRQn_Type, unsigned)
    stm32f7xx_hal_cortex.o(i.HAL_SYSTICK_Config) refers to stm32f7xx_hal_cortex.o(i._ZN44_INTERNAL_22_stm32f7xx_hal_cortex_c_2992dbc016NVIC_SetPriorityE9IRQn_Typej) for [local to stm32f7xx_hal_cortex_c]::NVIC_SetPriority(IRQn_Type, unsigned)
    stm32f7xx_hal_cortex.o(i.HAL_SYSTICK_IRQHandler) refers to stm32f7xx_hal_cortex.o(i.HAL_SYSTICK_Callback) for HAL_SYSTICK_Callback
    stm32f7xx_hal_cortex.o(.ARM.exidx) refers to stm32f7xx_hal_cortex.o(i._ZN44_INTERNAL_22_stm32f7xx_hal_cortex_c_2992dbc016NVIC_SetPriorityE9IRQn_Typej) for i._ZN44_INTERNAL_22_stm32f7xx_hal_cortex_c_2992dbc016NVIC_SetPriorityE9IRQn_Typej
[...]
    Removing stm32f7xx_hal_dma.o(i.HAL_DMA_Start), (82 bytes).
    Removing stm32f7xx_hal_dma.o(i.HAL_DMA_Start_IT), (106 bytes).
    Removing stm32f7xx_hal_dma.o(i._ZN41_INTERNAL_19_stm32f7xx_hal_dma_c_c25f65ec13DMA_SetConfigEP19__DMA_HandleTypeDefjjj), (44 bytes).
    Removing stm32f7xx_hal_dma.o(i._ZN41_INTERNAL_19_stm32f7xx_hal_dma_c_c25f65ec23DMA_CalcBaseAndBitshiftEP19__DMA_HandleTypeDef), (52 bytes).
    Removing stm32f7xx_hal_dma.o(.ARM.exidx), (8 bytes).
    Removing stm32f7xx_hal_dma.o(.ARM.exidx), (8 bytes).
    Removing stm32f7xx_hal_dma.o(.ARM.exidx), (8 bytes).
    Removing stm32f7xx_hal_dma.o(.ARM.exidx), (8 bytes).
    Removing stm32f7xx_hal_dma.o(.ARM.exidx), (8 bytes).
    Removing stm32f7xx_hal_dma.o(.ARM.exidx), (8 bytes).
    Removing stm32f7xx_hal_dma.o(.ARM.exidx), (8 bytes).
    Removing stm32f7xx_hal_dma.o(.ARM.exidx), (8 bytes).
    Removing stm32f7xx_hal_dma.o(.ARM.exidx), (8 bytes).
    Removing stm32f7xx_hal_dma.o(.ARM.exidx), (8 bytes).
    Removing stm32f7xx_hal_dma.o(.ARM.exidx), (8 bytes).
    Removing stm32f7xx_hal_dma.o(.constdata), (8 bytes).
    Removing stm32f7xx_hal_dma_ex.o(.rev16_text), (4 bytes).
    Removing stm32f7xx_hal_dma_ex.o(.revsh_text), (4 bytes).
    Removing stm32f7xx_hal_dma_ex.o(.rrx_text), (6 bytes).
    Removing stm32f7xx_hal_dma_ex.o(i.HAL_DMAEx_ChangeMemory), (18 bytes).
    Removing stm32f7xx_hal_dma_ex.o(i.HAL_DMAEx_MultiBufferStart), (130 bytes).
    Removing stm32f7xx_hal_dma_ex.o(i.HAL_DMAEx_MultiBufferStart_IT), (190 bytes).
    Removing stm32f7xx_hal_dma_ex.o(i._ZN44_INTERNAL_22_stm32f7xx_hal_dma_ex_c_af8eecb024DMA_MultiBufferSetConfigEP19__DMA_HandleTypeDefjjj), (32 bytes).
    Removing stm32f7xx_hal_dma_ex.o(.ARM.exidx), (8 bytes).
    Removing stm32f7xx_hal_dma_ex.o(.ARM.exidx), (8 bytes).
    Removing stm32f7xx_hal_dma_ex.o(.ARM.exidx), (8 bytes).
    Removing stm32f7xx_hal_dma_ex.o(.ARM.exidx), (8 bytes).
    Removing stm32f7xx_hal_dma2d.o(.rev16_text), (4 bytes).
    Removing stm32f7xx_hal_dma2d.o(.revsh_text), (4 bytes).
    Removing stm32f7xx_hal_dma2d.o(.rrx_text), (6 bytes).
    Removing stm32f7xx_hal_dma2d.o(i.HAL_DMA2D_Abort), (96 bytes).
    Removing stm32f7xx_hal_dma2d.o(i.HAL_DMA2D_BlendingStart), (94 bytes).
    Removing stm32f7xx_hal_dma2d.o(i.HAL_DMA2D_BlendingStart_IT), (130 bytes).
    Removing stm32f7xx_hal_dma2d.o(i.HAL_DMA2D_ConfigCLUT), (96 bytes).
    Removing stm32f7xx_hal_dma2d.o(i.HAL_DMA2D_ConfigLayer), (284 bytes).
    Removing stm32f7xx_hal_dma2d.o(i.HAL_DMA2D_DeInit), (36 bytes).
    Removing stm32f7xx_hal_dma2d.o(i.HAL_DMA2D_DisableCLUT), (34 bytes).
    Removing stm32f7xx_hal_dma2d.o(i.HAL_DMA2D_EnableCLUT), (34 bytes).
    Removing stm32f7xx_hal_dma2d.o(i.HAL_DMA2D_GetError), (6 bytes).
    Removing stm32f7xx_hal_dma2d.o(i.HAL_DMA2D_GetState), (8 bytes).
    Removing stm32f7xx_hal_dma2d.o(i.HAL_DMA2D_IRQHandler), (218 bytes).
    Removing stm32f7xx_hal_dma2d.o(i.HAL_DMA2D_Init), (98 bytes).
    Removing stm32f7xx_hal_dma2d.o(i.HAL_DMA2D_MspDeInit), (2 bytes).
    Removing stm32f7xx_hal_dma2d.o(i.HAL_DMA2D_MspInit), (2 bytes).
    Removing stm32f7xx_hal_dma2d.o(i.HAL_DMA2D_PollForTransfer), (262 bytes).
    Removing stm32f7xx_hal_dma2d.o(i.HAL_DMA2D_ProgramLineEvent), (60 bytes).
    Removing stm32f7xx_hal_dma2d.o(i.HAL_DMA2D_Resume), (24 bytes).
    Removing stm32f7xx_hal_dma2d.o(i.HAL_DMA2D_Start), (90 bytes).
    Removing stm32f7xx_hal_dma2d.o(i.HAL_DMA2D_Start_IT), (126 bytes).
    Removing stm32f7xx_hal_dma2d.o(i.HAL_DMA2D_Suspend), (76 bytes).
    Removing stm32f7xx_hal_dma2d.o(i._ZN43_INTERNAL_21_stm32f7xx_hal_dma2d_c_16a0ba0915DMA2D_SetConfigEP21__DMA2D_HandleTypeDefjjjj), (230 bytes).
    Removing stm32f7xx_hal_dma2d.o(.ARM.exidx), (8 bytes).
    Removing stm32f7xx_hal_dma2d.o(.ARM.exidx), (8 bytes).
    Removing stm32f7xx_hal_dma2d.o(.ARM.exidx), (8 bytes).
    Removing stm32f7xx_hal_dma2d.o(.ARM.exidx), (8 bytes).
    Removing stm32f7xx_hal_dma2d.o(.ARM.exidx), (8 bytes).
    Removing stm32f7xx_hal_dma2d.o(.ARM.exidx), (8 bytes).
    Removing stm32f7xx_hal_dma2d.o(.ARM.exidx), (8 bytes).
    Removing stm32f7xx_hal_dma2d.o(.ARM.exidx), (8 bytes).
    Removing stm32f7xx_hal_dma2d.o(.ARM.exidx), (8 bytes).
    Removing stm32f7xx_hal_dma2d.o(.ARM.exidx), (8 bytes).
    Removing stm32f7xx_hal_dma2d.o(.ARM.exidx), (8 bytes).
    Removing stm32f7xx_hal_dma2d.o(.ARM.exidx), (8 bytes).
    Removing stm32f7xx_hal_dma2d.o(.ARM.exidx), (8 bytes).
    Removing stm32f7xx_hal_dma2d.o(.ARM.exidx), (8 bytes).
    Removing stm32f7xx_hal_dma2d.o(.ARM.exidx), (8 bytes).
    Removing stm32f7xx_hal_dma2d.o(.ARM.exidx), (8 bytes).
    Removing stm32f7xx_hal_dma2d.o(.ARM.exidx), (8 bytes).
    Removing stm32f7xx_hal_dma2d.o(.ARM.exidx), (8 bytes).
    Removing stm32f7xx_hal_dma2d.o(.ARM.exidx), (8 bytes).
    Removing stm32f7xx_hal_dma2d.o(.ARM.exidx), (8 bytes).
    Removing stm32f7xx_hal_dma2d.o(.ARM.exidx), (8 bytes).
    Removing main.o(.rev16_text), (4 bytes).
    Removing main.o(.revsh_text), (4 bytes).
    Removing main.o(.rrx_text), (6 bytes).
    Removing main.o(.ARM.exidx), (8 bytes).
    Removing stm32f7xx_it.o(.rev16_text), (4 bytes).
    Removing stm32f7xx_it.o(.revsh_text), (4 bytes).
    Removing stm32f7xx_it.o(.rrx_text), (6 bytes).
    Removing stm32f7xx_it.o(.ARM.exidx), (8 bytes).
    Removing stm32f7xx_it.o(.ARM.exidx), (8 bytes).
    Removing stm32f7xx_it.o(.ARM.exidx), (8 bytes).
    Removing stm32f7xx_it.o(.ARM.exidx), (8 bytes).
    Removing stm32f7xx_it.o(.ARM.exidx), (8 bytes).
    Removing stm32f7xx_it.o(.ARM.exidx), (8 bytes).
    Removing stm32f7xx_it.o(.ARM.exidx), (8 bytes).
    Removing stm32f7xx_it.o(.ARM.exidx), (8 bytes).
    Removing stm32f7xx_it.o(.ARM.exidx), (8 bytes).
    Removing init.o(.rev16_text), (4 bytes).
    Removing init.o(.revsh_text), (4 bytes).
    Removing init.o(.rrx_text), (6 bytes).
    Removing init.o(.ARM.exidx), (8 bytes).
    Removing init.o(.ARM.exidx), (8 bytes).
    Removing init.o(.ARM.exidx), (8 bytes).
    Removing init.o(.ARM.exidx), (8 bytes).
    Removing init.o(.ARM.exidx), (8 bytes).
    Removing init.o(.ARM.exidx), (8 bytes).
    Removing init.o(.ARM.exidx), (8 bytes).
    Removing init.o(.ARM.exidx), (8 bytes).
    Removing init.o(.ARM.exidx), (8 bytes).
    Removing device.o(.rev16_text), (4 bytes).
    Removing device.o(.revsh_text), (4 bytes).
    Removing device.o(.rrx_text), (6 bytes).
    Removing device.o(i._ZN11StepMotorAB13setCoilAPhaseEi), (12 bytes).
    Removing device.o(i._ZN11StepMotorAB13setCoilBPhaseEi), (12 bytes).
    Removing device.o(i._ZN11StepMotorAB6HLInitEv), (6 bytes).
    Removing device.o(i._ZN11StepMotorAB8HLDeInitEv), (6 bytes).
    Removing device.o(.ARM.exidx), (8 bytes).
    Removing device.o(.ARM.exidx), (8 bytes).
    Removing device.o(.ARM.exidx), (8 bytes).
    Removing device.o(.ARM.exidx), (8 bytes).
    Removing device.o(.ARM.exidx), (8 bytes).
    Removing device.o(.ARM.exidx), (8 bytes).
    Removing gpio.o(.rev16_text), (4 bytes).
    Removing gpio.o(.revsh_text), (4 bytes).
    Removing gpio.o(.rrx_text), (6 bytes).
    Removing gpio.o(i._Z12gpio_pin_setP12GPIO_TypeDefjb), (14 bytes).
    Removing gpio.o(i._Z13gpio_pin_readP12GPIO_TypeDefj), (16 bytes).
    Removing gpio.o(i._Z13gpio_port_outP12GPIO_TypeDefj), (4 bytes).
    Removing gpio.o(i._Z13gpio_port_setP12GPIO_TypeDefj), (4 bytes).
    Removing gpio.o(i._Z15gpio_port_resetP12GPIO_TypeDefj), (6 bytes).
    Removing gpio.o(.ARM.exidx), (8 bytes).
    Removing gpio.o(.ARM.exidx), (8 bytes).
    Removing gpio.o(.ARM.exidx), (8 bytes).
    Removing gpio.o(.ARM.exidx), (8 bytes).
    Removing gpio.o(.ARM.exidx), (8 bytes).
    Removing gpio.o(.ARM.exidx), (8 bytes).
    Removing gpio.o(.ARM.exidx), (8 bytes).
    Removing gpio.o(.ARM.exidx), (8 bytes).
    Removing gpio.o(.ARM.exidx), (8 bytes).
    Removing enc28j60.o(.rev16_text), (4 bytes).
    Removing enc28j60.o(.revsh_text), (4 bytes).
    Removing enc28j60.o(.rrx_text), (6 bytes).
    Removing enc28j60.o(i._Z12enc28j60InitPh), (356 bytes).
    Removing enc28j60.o(i._Z12enc28j60Readh), (20 bytes).
    Removing enc28j60.o(i._Z13enc28j60Writehh), (24 bytes).
    Removing enc28j60.o(i._Z14enc28j60ReadOphh), (56 bytes).
    Removing enc28j60.o(i._Z14enc28j60clkouth), (16 bytes).
    Removing enc28j60.o(i._Z14enc28j60getrevv), (10 bytes).
    Removing enc28j60.o(i._Z15enc28j60PhyReadh), (66 bytes).
    Removing enc28j60.o(i._Z15enc28j60SetBankh), (52 bytes).
    Removing enc28j60.o(i._Z15enc28j60WriteOphhh), (46 bytes).
    Removing enc28j60.o(i._Z16enc28j60PhyWritehj), (50 bytes).
    Removing enc28j60.o(i._Z18enc28j60PacketSendjPh), (102 bytes).
    Removing enc28j60.o(i._Z18enc28j60ReadBufferjPh), (44 bytes).
    Removing enc28j60.o(i._Z19enc28j60WriteBufferjPh), (38 bytes).
    Removing enc28j60.o(i._Z21enc28j60PacketReceivejPh), (192 bytes).
    Removing enc28j60.o(i._ZN32_INTERNAL_10_enc28j60_c_db74034712enc28j60_cshEv), (24 bytes).
    Removing enc28j60.o(i._ZN32_INTERNAL_10_enc28j60_c_db74034712enc28j60_cslEv), (24 bytes).
    Removing enc28j60.o(.ARM.exidx), (8 bytes).
    Removing enc28j60.o(.ARM.exidx), (8 bytes).
    Removing enc28j60.o(.ARM.exidx), (8 bytes).
    Removing enc28j60.o(.ARM.exidx), (8 bytes).
    Removing enc28j60.o(.ARM.exidx), (8 bytes).
    Removing enc28j60.o(.ARM.exidx), (8 bytes).
    Removing enc28j60.o(.ARM.exidx), (8 bytes).
    Removing enc28j60.o(.ARM.exidx), (8 bytes).
    Removing enc28j60.o(.ARM.exidx), (8 bytes).
    Removing enc28j60.o(.ARM.exidx), (8 bytes).
    Removing enc28j60.o(.ARM.exidx), (8 bytes).
    Removing enc28j60.o(.ARM.exidx), (8 bytes).
    Removing enc28j60.o(.ARM.exidx), (8 bytes).
    Removing enc28j60.o(.ARM.exidx), (8 bytes).
    Removing enc28j60.o(.ARM.exidx), (8 bytes).
    Removing enc28j60.o(.ARM.exidx), (8 bytes).
    Removing enc28j60.o(.data), (12 bytes).
    Removing ip_arp_udp_tcp.o(.rev16_text), (4 bytes).
    Removing ip_arp_udp_tcp.o(.revsh_text), (4 bytes).
    Removing ip_arp_udp_tcp.o(.rrx_text), (6 bytes).
    Removing ip_arp_udp_tcp.o(i._Z12make_tcpheadPhjhh), (172 bytes).
    Removing ip_arp_udp_tcp.o(i._Z13fill_tcp_dataPhjPKc), (28 bytes).
    Removing ip_arp_udp_tcp.o(i._Z13init_len_infoPh), (64 bytes).
    Removing ip_arp_udp_tcp.o(i._Z15fill_tcp_data_pPhjPKh), (26 bytes).
    Removing ip_arp_udp_tcp.o(i._Z19init_ip_arp_udp_tcpPhS_h), (60 bytes).
    Removing ip_arp_udp_tcp.o(i._Z20fill_ip_hdr_checksumPh), (44 bytes).
    Removing ip_arp_udp_tcp.o(i._Z20get_tcp_data_pointerv), (28 bytes).
    Removing ip_arp_udp_tcp.o(i._Z21make_tcp_ack_from_anyPh), (104 bytes).
    Removing ip_arp_udp_tcp.o(i._Z22make_tcp_ack_with_dataPhj), (76 bytes).
    Removing ip_arp_udp_tcp.o(i._Z24eth_type_is_ip_and_my_ipPhj), (76 bytes).
    Removing ip_arp_udp_tcp.o(i._Z24make_tcp_synack_from_synPh), (76 bytes).
    Removing ip_arp_udp_tcp.o(i._Z25eth_type_is_arp_and_my_ipPhj), (68 bytes).
    Removing ip_arp_udp_tcp.o(i._Z27make_udp_reply_from_requestPhPcjj), (122 bytes).
    Removing ip_arp_udp_tcp.o(i._Z28make_arp_answer_from_requestPh), (100 bytes).
    Removing ip_arp_udp_tcp.o(i._Z28make_echo_reply_from_requestPhj), (62 bytes).
    Removing ip_arp_udp_tcp.o(i._Z7make_ipPh), (48 bytes).
    Removing ip_arp_udp_tcp.o(i._Z8checksumPhjh), (84 bytes).
    Removing ip_arp_udp_tcp.o(i._Z8make_ethPh), (36 bytes).
    Removing ip_arp_udp_tcp.o(i._ZN38_INTERNAL_16_ip_arp_udp_tcp_c_7981167412enc28j60_cshEv), (24 bytes).
    Removing ip_arp_udp_tcp.o(i._ZN38_INTERNAL_16_ip_arp_udp_tcp_c_7981167412enc28j60_cslEv), (24 bytes).
    Removing ip_arp_udp_tcp.o(.ARM.exidx), (8 bytes).
    Removing ip_arp_udp_tcp.o(.ARM.exidx), (8 bytes).
    Removing ip_arp_udp_tcp.o(.ARM.exidx), (8 bytes).
    Removing ip_arp_udp_tcp.o(.ARM.exidx), (8 bytes).
    Removing ip_arp_udp_tcp.o(.ARM.exidx), (8 bytes).
    Removing ip_arp_udp_tcp.o(.ARM.exidx), (8 bytes).
    Removing ip_arp_udp_tcp.o(.ARM.exidx), (8 bytes).
    Removing ip_arp_udp_tcp.o(.ARM.exidx), (8 bytes).
    Removing ip_arp_udp_tcp.o(.ARM.exidx), (8 bytes).
    Removing ip_arp_udp_tcp.o(.ARM.exidx), (8 bytes).
    Removing ip_arp_udp_tcp.o(.ARM.exidx), (8 bytes).
    Removing ip_arp_udp_tcp.o(.ARM.exidx), (8 bytes).
    Removing ip_arp_udp_tcp.o(.ARM.exidx), (8 bytes).
    Removing ip_arp_udp_tcp.o(.ARM.exidx), (8 bytes).
    Removing ip_arp_udp_tcp.o(.ARM.exidx), (8 bytes).
    Removing ip_arp_udp_tcp.o(.ARM.exidx), (8 bytes).
    Removing ip_arp_udp_tcp.o(.ARM.exidx), (8 bytes).
    Removing ip_arp_udp_tcp.o(.ARM.exidx), (8 bytes).
    Removing ip_arp_udp_tcp.o(.ARM.exidx), (8 bytes).
    Removing ip_arp_udp_tcp.o(.ARM.exidx), (8 bytes).
    Removing ip_arp_udp_tcp.o(.data), (21 bytes).
    Removing spi_enc28j60.o(.rev16_text), (4 bytes).
    Removing spi_enc28j60.o(.revsh_text), (4 bytes).
    Removing spi_enc28j60.o(.rrx_text), (6 bytes).
    Removing spi_enc28j60.o(i._Z14SPI1_ReadWriteh), (52 bytes).
    Removing spi_enc28j60.o(.ARM.exidx), (8 bytes).
    Removing spi_enc28j60.o(.data), (4 bytes).
    Removing sspi.o(.rev16_text), (4 bytes).
    Removing sspi.o(.revsh_text), (4 bytes).
    Removing sspi.o(.rrx_text), (6 bytes).
    Removing sspi.o(i._ZN4sspi3SpiEv), (2 bytes).
    Removing sspi.o(i._ZN4sspi4readEv), (40 bytes).
    Removing sspi.o(i._ZN4sspi5writeEh), (38 bytes).
    Removing sspi.o(i._ZN4sspi8delay_nsEj), (12 bytes).
    Removing sspi.o(i._ZN4sspi9readWriteEh), (6 bytes).
    Removing sspi.o(.ARM.exidx), (8 bytes).
    Removing sspi.o(.ARM.exidx), (8 bytes).
    Removing sspi.o(.ARM.exidx), (8 bytes).
    Removing sspi.o(.ARM.exidx), (8 bytes).
    Removing sspi.o(.ARM.exidx), (8 bytes).
    Removing phy_mac_interface.o(.rev16_text), (4 bytes).
    Removing phy_mac_interface.o(.revsh_text), (4 bytes).
    Removing phy_mac_interface.o(.rrx_text), (6 bytes).
    Removing phy_mac_interface.o(i._ZN15PhyMacInterface17chipPacketReceiveEjPh), (18 bytes).
    Removing phy_mac_interface.o(i._ZN15PhyMacInterface7mcuInitEPh), (40 bytes).
    Removing phy_mac_interface.o(i._ZN43_INTERNAL_21_phy_mac_interface_cpp_fc8e019012enc28j60_cshEv), (24 bytes).
    Removing phy_mac_interface.o(i._ZN43_INTERNAL_21_phy_mac_interface_cpp_fc8e019012enc28j60_cslEv), (24 bytes).
    Removing phy_mac_interface.o(.ARM.exidx), (8 bytes).
    Removing phy_mac_interface.o(.ARM.exidx), (8 bytes).
    Removing phy_mac_interface.o(.ARM.exidx), (8 bytes).
    Removing phy_mac_interface.o(.ARM.exidx), (8 bytes).
    Removing web_server.o(.rev16_text), (4 bytes).
    Removing web_server.o(.revsh_text), (4 bytes).
    Removing web_server.o(.rrx_text), (6 bytes).
    Removing web_server.o(i._Z10Web_Serverv), (756 bytes).
    Removing web_server.o(i._Z13print_webpagePhh), (484 bytes).
    Removing web_server.o(i._Z15analyse_get_urlPc), (82 bytes).
    Removing web_server.o(i._Z15verify_passwordPc), (28 bytes).
    Removing web_server.o(.ARM.exidx), (8 bytes).
    Removing web_server.o(.ARM.exidx), (8 bytes).
    Removing web_server.o(.ARM.exidx), (8 bytes).
    Removing web_server.o(.ARM.exidx), (8 bytes).
    Removing web_server.o(.bss), (1501 bytes).
    Removing web_server.o(.conststring), (152 bytes).
    Removing web_server.o(.data), (64 bytes).
    Removing web_interface.o(.rev16_text), (4 bytes).
    Removing web_interface.o(.revsh_text), (4 bytes).
    Removing web_interface.o(.rrx_text), (6 bytes).
    Removing web_interface.o(i._ZN18WebServerInterface18applySimpleCommandEi), (20 bytes).
    Removing web_interface.o(.ARM.exidx), (8 bytes).
    Removing system_stm32f7xx.o(.rev16_text), (4 bytes).
    Removing system_stm32f7xx.o(.revsh_text), (4 bytes).
    Removing system_stm32f7xx.o(.rrx_text), (6 bytes).
    Removing system_stm32f7xx.o(i.SystemCoreClockUpdate), (192 bytes).
    Removing system_stm32f7xx.o(.ARM.exidx), (8 bytes).
    Removing system_stm32f7xx.o(.ARM.exidx), (8 bytes).
    Removing system_stm32f7xx.o(.constdata), (16 bytes).
    Removing main.o(.ARM.exidx), (8 bytes).
    Removing main.o(.ARM.exidx), (8 bytes).
    Removing main.o(.constdata__ZTI12SynchronizerI11StepMotorABE), (8 bytes).
    Removing main.o(.constdata__ZTS12SynchronizerI11StepMotorABE), (30 bytes).
    Removing main.o(t._ZN12SynchronizerI11StepMotorABE9syncFetchERS0_), (20 bytes).
    Removing main.o(.ARM.exidx), (8 bytes).
    Removing main.o(t._ZN12SynchronizerI11StepMotorABE9syncFetchEPS0_), (20 bytes).
    Removing main.o(.ARM.exidx), (8 bytes).
    Removing main.o(t._ZN12SynchronizerI11StepMotorABE11syncReleaseERS0_), (6 bytes).
    Removing main.o(.ARM.exidx), (8 bytes).
    Removing main.o(t._ZN12SynchronizerI11StepMotorABE11syncReleaseEPS0_), (6 bytes).
    Removing main.o(.ARM.exidx), (8 bytes).
    Removing device.o(.constdata__ZTI11StepMotorAB), (12 bytes).
    Removing device.o(.constdata__ZTS11StepMotorAB), (14 bytes).
    Removing phy_mac_interface.o(.constdata__ZTV15PhyMacInterface), (32 bytes).
    Removing phy_mac_interface.o(t._ZN12SynchronizerI15PhyMacInterfaceE9syncFetchERS0_), (20 bytes).
    Removing phy_mac_interface.o(.ARM.exidx), (8 bytes).
    Removing phy_mac_interface.o(t._ZN12SynchronizerI15PhyMacInterfaceE9syncFetchEPS0_), (20 bytes).
    Removing phy_mac_interface.o(.ARM.exidx), (8 bytes).
    Removing phy_mac_interface.o(t._ZN12SynchronizerI15PhyMacInterfaceE11syncReleaseERS0_), (6 bytes).
    Removing phy_mac_interface.o(.ARM.exidx), (8 bytes).
    Removing phy_mac_interface.o(t._ZN12SynchronizerI15PhyMacInterfaceE11syncReleaseEPS0_), (6 bytes).
    Removing phy_mac_interface.o(.ARM.exidx), (8 bytes).
    Removing phy_mac_interface.o(.constdata__ZTI15PhyMacInterface), (12 bytes).
    Removing phy_mac_interface.o(.constdata__ZTI12SynchronizerI15PhyMacInterfaceE), (8 bytes).
    Removing phy_mac_interface.o(.constdata__ZTS15PhyMacInterface), (18 bytes).
    Removing phy_mac_interface.o(.constdata__ZTS12SynchronizerI15PhyMacInterfaceE), (34 bytes).
    Removing web_server.o(.constdata__ZTV12SynchronizerI15PhyMacInterfaceE), (24 bytes).

678 unused section(s) (total 29244 bytes) removed from the image.

==============================================================================

Image Symbol Table

    Local Symbols

    Symbol Name                              Value     Ov Type        Size  Object(Section)

    ../../../edgfe/lib_src/arm_exceptions.c  0x00000000   Number         0  arm_exceptions_mem.o ABSOLUTE
    ../../../edgfe/lib_src/arm_exceptions.c  0x00000000   Number         0  arm_exceptions_callterm.o ABSOLUTE
    ../../../edgfe/lib_src/arm_exceptions.c  0x00000000   Number         0  arm_exceptions_terminate.o ABSOLUTE
    ../../../edgfe/lib_src/arm_exceptions.c  0x00000000   Number         0  arm_exceptions_globs.o ABSOLUTE
    ../../../edgfe/lib_src/arm_exceptions.c  0x00000000   Number         0  arm_exceptions_support.o ABSOLUTE
    ../../../edgfe/lib_src/arm_noexceptions.c 0x00000000   Number         0  arm_begincatch_noexceptions.o ABSOLUTE
    ../../../edgfe/lib_src/guard.c           0x00000000   Number         0  cxa_guard_release.o ABSOLUTE
    ../../../edgfe/lib_src/guard.c           0x00000000   Number         0  cxa_guard_acquire.o ABSOLUTE
    ../../../edgfe/lib_src/typeinfo.c        0x00000000   Number         0  lib_rtti_impl.o ABSOLUTE
    ../../../edgfe/lib_src/typeinfo.c        0x00000000   Number         0  type_info_dtor.o ABSOLUTE
    ../clib/angel/boardlib.s                 0x00000000   Number         0  boardshut.o ABSOLUTE
    ../clib/angel/boardlib.s                 0x00000000   Number         0  boardinit3.o ABSOLUTE
    ../clib/angel/boardlib.s                 0x00000000   Number         0  boardinit2.o ABSOLUTE
    ../clib/angel/boardlib.s                 0x00000000   Number         0  boardinit1.o ABSOLUTE
    ../clib/angel/handlers.s                 0x00000000   Number         0  __scatter_zi.o ABSOLUTE
    ../clib/angel/handlers.s                 0x00000000   Number         0  __scatter_copy.o ABSOLUTE
    ../clib/angel/kernel.s                   0x00000000   Number         0  rtexit2.o ABSOLUTE
    ../clib/angel/kernel.s                   0x00000000   Number         0  __rtentry4.o ABSOLUTE
    ../clib/angel/kernel.s                   0x00000000   Number         0  rtexit.o ABSOLUTE
    ../clib/angel/kernel.s                   0x00000000   Number         0  __rtentry.o ABSOLUTE
    ../clib/angel/kernel.s                   0x00000000   Number         0  __rtentry2.o ABSOLUTE
    ../clib/angel/rt.s                       0x00000000   Number         0  rt_heap_descriptor.o ABSOLUTE
    ../clib/angel/rt.s                       0x00000000   Number         0  rt_heap_descriptor_intlibspace.o ABSOLUTE
    ../clib/angel/rt.s                       0x00000000   Number         0  rt_eh_globals_addr_intlibspace.o ABSOLUTE
    ../clib/angel/rt.s                       0x00000000   Number         0  rt_eh_globals_addr.o ABSOLUTE
    ../clib/angel/rt.s                       0x00000000   Number         0  rt_raise.o ABSOLUTE
    ../clib/angel/scatter.s                  0x00000000   Number         0  __scatter.o ABSOLUTE
    ../clib/angel/startup.s                  0x00000000   Number         0  __main.o ABSOLUTE
    ../clib/angel/sys.s                      0x00000000   Number         0  indicate_semi.o ABSOLUTE
    ../clib/angel/sys.s                      0x00000000   Number         0  sys_stackheap_outer.o ABSOLUTE
    ../clib/angel/sys.s                      0x00000000   Number         0  libspace.o ABSOLUTE
    ../clib/angel/sys.s                      0x00000000   Number         0  mutex_dummy.o ABSOLUTE
    ../clib/angel/sys.s                      0x00000000   Number         0  use_no_semi.o ABSOLUTE
    ../clib/angel/sysapp.c                   0x00000000   Number         0  sys_wrch.o ABSOLUTE
    ../clib/angel/sysapp.c                   0x00000000   Number         0  sys_exit.o ABSOLUTE
    ../clib/angel/sysapp.c                   0x00000000   Number         0  sys_command.o ABSOLUTE
    ../clib/armsys.c                         0x00000000   Number         0  no_argv.o ABSOLUTE
    ../clib/armsys.c                         0x00000000   Number         0  argv_veneer.o ABSOLUTE
    ../clib/armsys.c                         0x00000000   Number         0  argv_veneer.o ABSOLUTE
    ../clib/armsys.c                         0x00000000   Number         0  _get_argv_nomalloc.o ABSOLUTE
    ../clib/armsys.c                         0x00000000   Number         0  _get_argv.o ABSOLUTE
    ../clib/heap1.c                          0x00000000   Number         0  h1_free.o ABSOLUTE
    ../clib/heap1.c                          0x00000000   Number         0  h1_init.o ABSOLUTE
    ../clib/heap1.c                          0x00000000   Number         0  h1_final.o ABSOLUTE
    ../clib/heap1.c                          0x00000000   Number         0  h1_init_mt.o ABSOLUTE
    ../clib/heap1.c                          0x00000000   Number         0  h1_alloc.o ABSOLUTE
    ../clib/heap1.c                          0x00000000   Number         0  h1_alloc_mt.o ABSOLUTE
    ../clib/heap1.c                          0x00000000   Number         0  h1_extend_mt.o ABSOLUTE
    ../clib/heap1.c                          0x00000000   Number         0  h1_extend.o ABSOLUTE
    ../clib/heap1.c                          0x00000000   Number         0  h1_final_mt.o ABSOLUTE
    ../clib/heap1.c                          0x00000000   Number         0  h1_free_mt.o ABSOLUTE
    ../clib/heap2.c                          0x00000000   Number         0  fdtree.o ABSOLUTE
    ../clib/heap2.c                          0x00000000   Number         0  heap2.o ABSOLUTE
    ../clib/heap2.c                          0x00000000   Number         0  heap2mt.o ABSOLUTE
    ../clib/heapalloc.c                      0x00000000   Number         0  hrguard.o ABSOLUTE
    ../clib/heapalloc.c                      0x00000000   Number         0  term_alloc.o ABSOLUTE
    ../clib/heapalloc.c                      0x00000000   Number         0  init_alloc.o ABSOLUTE
    ../clib/heapalloc.c                      0x00000000   Number         0  maybetermalloc2.o ABSOLUTE
    ../clib/heapalloc.c                      0x00000000   Number         0  maybetermalloc2.o ABSOLUTE
    ../clib/heapalloc.c                      0x00000000   Number         0  maybetermalloc1.o ABSOLUTE
    ../clib/heapalloc.c                      0x00000000   Number         0  maybetermalloc1.o ABSOLUTE
    ../clib/heapalloc.c                      0x00000000   Number         0  heapstubs.o ABSOLUTE
    ../clib/heapalloc.c                      0x00000000   Number         0  malloc.o ABSOLUTE
    ../clib/heapalloc.c                      0x00000000   Number         0  free.o ABSOLUTE
    ../clib/heapalloc.c                      0x00000000   Number         0  hguard.o ABSOLUTE
    ../clib/heapaux.c                        0x00000000   Number         0  heapauxa.o ABSOLUTE
    ../clib/heapaux.c                        0x00000000   Number         0  heapauxi.o ABSOLUTE
    ../clib/libinit.s                        0x00000000   Number         0  libinit.o ABSOLUTE
    ../clib/libinit.s                        0x00000000   Number         0  libinit2.o ABSOLUTE
    ../clib/libinit.s                        0x00000000   Number         0  libshutdown2.o ABSOLUTE
    ../clib/libinit.s                        0x00000000   Number         0  libshutdown.o ABSOLUTE
    ../clib/memcpset.s                       0x00000000   Number         0  rt_memcpy_w.o ABSOLUTE
    ../clib/signal.c                         0x00000000   Number         0  defsig_exit.o ABSOLUTE
    ../clib/signal.c                         0x00000000   Number         0  defsig_rtmem_formal.o ABSOLUTE
    ../clib/signal.c                         0x00000000   Number         0  defsig_abrt_outer.o ABSOLUTE
    ../clib/signal.c                         0x00000000   Number         0  defsig_rtmem_outer.o ABSOLUTE
    ../clib/signal.c                         0x00000000   Number         0  __raise.o ABSOLUTE
    ../clib/signal.c                         0x00000000   Number         0  defsig_general.o ABSOLUTE
    ../clib/signal.c                         0x00000000   Number         0  defsig_abrt_inner.o ABSOLUTE
    ../clib/signal.c                         0x00000000   Number         0  defsig_rtred_inner.o ABSOLUTE
    ../clib/signal.c                         0x00000000   Number         0  defsig_stak_inner.o ABSOLUTE
    ../clib/signal.c                         0x00000000   Number         0  defsig_pvfn_inner.o ABSOLUTE
    ../clib/signal.c                         0x00000000   Number         0  defsig_cppl_inner.o ABSOLUTE
    ../clib/signal.c                         0x00000000   Number         0  defsig_segv_inner.o ABSOLUTE
    ../clib/signal.c                         0x00000000   Number         0  defsig_other.o ABSOLUTE
    ../clib/signal.c                         0x00000000   Number         0  defsig_rtmem_inner.o ABSOLUTE
    ../clib/signal.c                         0x00000000   Number         0  defsig_abrt_formal.o ABSOLUTE
    ../clib/signal.c                         0x00000000   Number         0  defsig_fpe_inner.o ABSOLUTE
    ../clib/signal.s                         0x00000000   Number         0  defsig.o ABSOLUTE
    ../clib/stdlib.c                         0x00000000   Number         0  exit.o ABSOLUTE
    ../clib/stdlib.c                         0x00000000   Number         0  abort.o ABSOLUTE
    ../clib/string.c                         0x00000000   Number         0  strncmp.o ABSOLUTE
    ../fplib/fpinit.s                        0x00000000   Number         0  fpinit.o ABSOLUTE
    ..\\stm32cubef7\\STM32Cube_FW_F7_V1.3.0\\Drivers\\STM32F7xx_HAL_Driver\\Src\\stm32f7xx_hal.c 0x00000000   Number         0  stm32f7xx_hal.o ABSOLUTE
    ..\\stm32cubef7\\STM32Cube_FW_F7_V1.3.0\\Drivers\\STM32F7xx_HAL_Driver\\Src\\stm32f7xx_hal_cortex.c 0x00000000   Number         0  stm32f7xx_hal_cortex.o ABSOLUTE
    ..\\stm32cubef7\\STM32Cube_FW_F7_V1.3.0\\Drivers\\STM32F7xx_HAL_Driver\\Src\\stm32f7xx_hal_dma.c 0x00000000   Number         0  stm32f7xx_hal_dma.o ABSOLUTE
    ..\\stm32cubef7\\STM32Cube_FW_F7_V1.3.0\\Drivers\\STM32F7xx_HAL_Driver\\Src\\stm32f7xx_hal_dma2d.c 0x00000000   Number         0  stm32f7xx_hal_dma2d.o ABSOLUTE
    ..\\stm32cubef7\\STM32Cube_FW_F7_V1.3.0\\Drivers\\STM32F7xx_HAL_Driver\\Src\\stm32f7xx_hal_dma_ex.c 0x00000000   Number         0  stm32f7xx_hal_dma_ex.o ABSOLUTE
    ..\\stm32cubef7\\STM32Cube_FW_F7_V1.3.0\\Drivers\\STM32F7xx_HAL_Driver\\Src\\stm32f7xx_hal_flash.c 0x00000000   Number         0  stm32f7xx_hal_flash.o ABSOLUTE
    ..\\stm32cubef7\\STM32Cube_FW_F7_V1.3.0\\Drivers\\STM32F7xx_HAL_Driver\\Src\\stm32f7xx_hal_flash_ex.c 0x00000000   Number         0  stm32f7xx_hal_flash_ex.o ABSOLUTE
    ..\\stm32cubef7\\STM32Cube_FW_F7_V1.3.0\\Drivers\\STM32F7xx_HAL_Driver\\Src\\stm32f7xx_hal_gpio.c 0x00000000   Number         0  stm32f7xx_hal_gpio.o ABSOLUTE
    ..\\stm32cubef7\\STM32Cube_FW_F7_V1.3.0\\Drivers\\STM32F7xx_HAL_Driver\\Src\\stm32f7xx_hal_pwr.c 0x00000000   Number         0  stm32f7xx_hal_pwr.o ABSOLUTE
    ..\\stm32cubef7\\STM32Cube_FW_F7_V1.3.0\\Drivers\\STM32F7xx_HAL_Driver\\Src\\stm32f7xx_hal_pwr_ex.c 0x00000000   Number         0  stm32f7xx_hal_pwr_ex.o ABSOLUTE
    ..\\stm32cubef7\\STM32Cube_FW_F7_V1.3.0\\Drivers\\STM32F7xx_HAL_Driver\\Src\\stm32f7xx_hal_rcc.c 0x00000000   Number         0  stm32f7xx_hal_rcc.o ABSOLUTE
    ..\\stm32cubef7\\STM32Cube_FW_F7_V1.3.0\\Drivers\\STM32F7xx_HAL_Driver\\Src\\stm32f7xx_hal_rcc_ex.c 0x00000000   Number         0  stm32f7xx_hal_rcc_ex.o ABSOLUTE
    ..\\stm32cubef7\\STM32Cube_FW_F7_V1.3.0\\Drivers\\STM32F7xx_HAL_Driver\\Src\\stm32f7xx_hal_spi.c 0x00000000   Number         0  stm32f7xx_hal_spi.o ABSOLUTE
    ..\stm32cubef7\STM32Cube_FW_F7_V1.3.0\Drivers\STM32F7xx_HAL_Driver\Src\stm32f7xx_hal.c 0x00000000   Number         0  stm32f7xx_hal.o ABSOLUTE
    ..\stm32cubef7\STM32Cube_FW_F7_V1.3.0\Drivers\STM32F7xx_HAL_Driver\Src\stm32f7xx_hal_cortex.c 0x00000000   Number         0  stm32f7xx_hal_cortex.o ABSOLUTE
    ..\stm32cubef7\STM32Cube_FW_F7_V1.3.0\Drivers\STM32F7xx_HAL_Driver\Src\stm32f7xx_hal_dma.c 0x00000000   Number         0  stm32f7xx_hal_dma.o ABSOLUTE
    ..\stm32cubef7\STM32Cube_FW_F7_V1.3.0\Drivers\STM32F7xx_HAL_Driver\Src\stm32f7xx_hal_dma2d.c 0x00000000   Number         0  stm32f7xx_hal_dma2d.o ABSOLUTE
    ..\stm32cubef7\STM32Cube_FW_F7_V1.3.0\Drivers\STM32F7xx_HAL_Driver\Src\stm32f7xx_hal_dma_ex.c 0x00000000   Number         0  stm32f7xx_hal_dma_ex.o ABSOLUTE
    ..\stm32cubef7\STM32Cube_FW_F7_V1.3.0\Drivers\STM32F7xx_HAL_Driver\Src\stm32f7xx_hal_flash.c 0x00000000   Number         0  stm32f7xx_hal_flash.o ABSOLUTE
    ..\stm32cubef7\STM32Cube_FW_F7_V1.3.0\Drivers\STM32F7xx_HAL_Driver\Src\stm32f7xx_hal_flash_ex.c 0x00000000   Number         0  stm32f7xx_hal_flash_ex.o ABSOLUTE
    ..\stm32cubef7\STM32Cube_FW_F7_V1.3.0\Drivers\STM32F7xx_HAL_Driver\Src\stm32f7xx_hal_gpio.c 0x00000000   Number         0  stm32f7xx_hal_gpio.o ABSOLUTE
    ..\stm32cubef7\STM32Cube_FW_F7_V1.3.0\Drivers\STM32F7xx_HAL_Driver\Src\stm32f7xx_hal_pwr.c 0x00000000   Number         0  stm32f7xx_hal_pwr.o ABSOLUTE
    ..\stm32cubef7\STM32Cube_FW_F7_V1.3.0\Drivers\STM32F7xx_HAL_Driver\Src\stm32f7xx_hal_pwr_ex.c 0x00000000   Number         0  stm32f7xx_hal_pwr_ex.o ABSOLUTE
    ..\stm32cubef7\STM32Cube_FW_F7_V1.3.0\Drivers\STM32F7xx_HAL_Driver\Src\stm32f7xx_hal_rcc.c 0x00000000   Number         0  stm32f7xx_hal_rcc.o ABSOLUTE
    ..\stm32cubef7\STM32Cube_FW_F7_V1.3.0\Drivers\STM32F7xx_HAL_Driver\Src\stm32f7xx_hal_rcc_ex.c 0x00000000   Number         0  stm32f7xx_hal_rcc_ex.o ABSOLUTE
    ..\stm32cubef7\STM32Cube_FW_F7_V1.3.0\Drivers\STM32F7xx_HAL_Driver\Src\stm32f7xx_hal_spi.c 0x00000000   Number         0  stm32f7xx_hal_spi.o ABSOLUTE
    RTE\Device\STM32F746IGTx\startup_stm32f746xx.s 0x00000000   Number         0  startup_stm32f746xx.o ABSOLUTE
    RTE\Device\STM32F746IGTx\system_stm32f7xx.c 0x00000000   Number         0  system_stm32f7xx.o ABSOLUTE
    RTE\\Device\\STM32F746IGTx\\system_stm32f7xx.c 0x00000000   Number         0  system_stm32f7xx.o ABSOLUTE
    dc.s                                     0x00000000   Number         0  dc.o ABSOLUTE
    device\\src\\device.cpp                  0x00000000   Number         0  device.o ABSOLUTE
    device\\src\\gpio.cpp                    0x00000000   Number         0  gpio.o ABSOLUTE
    device\src\device.cpp                    0x00000000   Number         0  device.o ABSOLUTE
    device\src\gpio.cpp                      0x00000000   Number         0  gpio.o ABSOLUTE
    ethernet\\src\\enc28j60.c                0x00000000   Number         0  enc28j60.o ABSOLUTE
    ethernet\\src\\ip_arp_udp_tcp.c          0x00000000   Number         0  ip_arp_udp_tcp.o ABSOLUTE
    ethernet\\src\\phy_mac_interface.cpp     0x00000000   Number         0  phy_mac_interface.o ABSOLUTE
    ethernet\\src\\spi_enc28j60.c            0x00000000   Number         0  spi_enc28j60.o ABSOLUTE
    ethernet\\src\\sspi.cpp                  0x00000000   Number         0  sspi.o ABSOLUTE
    ethernet\src\enc28j60.c                  0x00000000   Number         0  enc28j60.o ABSOLUTE
    ethernet\src\ip_arp_udp_tcp.c            0x00000000   Number         0  ip_arp_udp_tcp.o ABSOLUTE
    ethernet\src\phy_mac_interface.cpp       0x00000000   Number         0  phy_mac_interface.o ABSOLUTE
    ethernet\src\spi_enc28j60.c              0x00000000   Number         0  spi_enc28j60.o ABSOLUTE
    ethernet\src\sspi.cpp                    0x00000000   Number         0  sspi.o ABSOLUTE
    init\\src\\init.cpp                      0x00000000   Number         0  init.o ABSOLUTE
    init\src\init.cpp                        0x00000000   Number         0  init.o ABSOLUTE
    it\\src\\stm32f7xx_it.c                  0x00000000   Number         0  stm32f7xx_it.o ABSOLUTE
    it\src\stm32f7xx_it.c                    0x00000000   Number         0  stm32f7xx_it.o ABSOLUTE
    misc\ext_dev\src\step_motor.cpp          0x00000000   Number         0  step_motor.o ABSOLUTE
    user\\src\\main.cpp                      0x00000000   Number         0  main.o ABSOLUTE
    user\src\main.cpp                        0x00000000   Number         0  main.o ABSOLUTE
    web_server\\src\\web_interface.cpp       0x00000000   Number         0  web_interface.o ABSOLUTE
    web_server\\src\\web_server.c            0x00000000   Number         0  web_server.o ABSOLUTE
    web_server\src\web_interface.cpp         0x00000000   Number         0  web_interface.o ABSOLUTE
    web_server\src\web_server.c              0x00000000   Number         0  web_server.o ABSOLUTE
    RESET                                    0x08000000   Section      456  startup_stm32f746xx.o(RESET)
    !!!main                                  0x080001c8   Section        8  __main.o(!!!main)
    !!!scatter                               0x080001d0   Section       52  __scatter.o(!!!scatter)
    !!handler_copy                           0x08000204   Section       26  __scatter_copy.o(!!handler_copy)
    !!handler_zi                             0x08000220   Section       28  __scatter_zi.o(!!handler_zi)
    .ARM.Collect$$libinit$$00000000          0x0800023c   Section        2  libinit.o(.ARM.Collect$$libinit$$00000000)
    .ARM.Collect$$libinit$$00000001          0x0800023e   Section        4  libinit2.o(.ARM.Collect$$libinit$$00000001)
    .ARM.Collect$$libinit$$00000004          0x08000242   Section        0  libinit2.o(.ARM.Collect$$libinit$$00000004)
    .ARM.Collect$$libinit$$0000000A          0x08000242   Section        0  libinit2.o(.ARM.Collect$$libinit$$0000000A)
    .ARM.Collect$$libinit$$0000000C          0x08000242   Section        0  libinit2.o(.ARM.Collect$$libinit$$0000000C)
    .ARM.Collect$$libinit$$0000000E          0x08000242   Section        0  libinit2.o(.ARM.Collect$$libinit$$0000000E)
    .ARM.Collect$$libinit$$00000011          0x08000242   Section        0  libinit2.o(.ARM.Collect$$libinit$$00000011)
    .ARM.Collect$$libinit$$00000013          0x08000242   Section        0  libinit2.o(.ARM.Collect$$libinit$$00000013)
    .ARM.Collect$$libinit$$00000015          0x08000242   Section        0  libinit2.o(.ARM.Collect$$libinit$$00000015)
    .ARM.Collect$$libinit$$00000017          0x08000242   Section        0  libinit2.o(.ARM.Collect$$libinit$$00000017)
    .ARM.Collect$$libinit$$00000019          0x08000242   Section        0  libinit2.o(.ARM.Collect$$libinit$$00000019)
    .ARM.Collect$$libinit$$0000001B          0x08000242   Section        0  libinit2.o(.ARM.Collect$$libinit$$0000001B)
    .ARM.Collect$$libinit$$0000001D          0x08000242   Section        0  libinit2.o(.ARM.Collect$$libinit$$0000001D)
    .ARM.Collect$$libinit$$0000001F          0x08000242   Section        0  libinit2.o(.ARM.Collect$$libinit$$0000001F)
    .ARM.Collect$$libinit$$00000021          0x08000242   Section        0  libinit2.o(.ARM.Collect$$libinit$$00000021)
    .ARM.Collect$$libinit$$00000023          0x08000242   Section        0  libinit2.o(.ARM.Collect$$libinit$$00000023)
    .ARM.Collect$$libinit$$00000025          0x08000242   Section        0  libinit2.o(.ARM.Collect$$libinit$$00000025)
    .ARM.Collect$$libinit$$0000002C          0x08000242   Section        0  libinit2.o(.ARM.Collect$$libinit$$0000002C)
    .ARM.Collect$$libinit$$0000002E          0x08000242   Section        0  libinit2.o(.ARM.Collect$$libinit$$0000002E)
    .ARM.Collect$$libinit$$00000030          0x08000242   Section        0  libinit2.o(.ARM.Collect$$libinit$$00000030)
    .ARM.Collect$$libinit$$00000032          0x08000242   Section        0  libinit2.o(.ARM.Collect$$libinit$$00000032)
    .ARM.Collect$$libinit$$00000033          0x08000242   Section        2  libinit2.o(.ARM.Collect$$libinit$$00000033)
    .ARM.Collect$$libshutdown$$00000000      0x08000244   Section        2  libshutdown.o(.ARM.Collect$$libshutdown$$00000000)
    .ARM.Collect$$libshutdown$$00000002      0x08000246   Section        0  libshutdown2.o(.ARM.Collect$$libshutdown$$00000002)
    .ARM.Collect$$libshutdown$$00000004      0x08000246   Section        0  libshutdown2.o(.ARM.Collect$$libshutdown$$00000004)
    .ARM.Collect$$libshutdown$$00000007      0x08000246   Section        0  libshutdown2.o(.ARM.Collect$$libshutdown$$00000007)
    .ARM.Collect$$libshutdown$$0000000A      0x08000246   Section        0  libshutdown2.o(.ARM.Collect$$libshutdown$$0000000A)
    .ARM.Collect$$libshutdown$$0000000C      0x08000246   Section        0  libshutdown2.o(.ARM.Collect$$libshutdown$$0000000C)
    .ARM.Collect$$libshutdown$$0000000F      0x08000246   Section        0  libshutdown2.o(.ARM.Collect$$libshutdown$$0000000F)
    .ARM.Collect$$libshutdown$$00000010      0x08000246   Section        2  libshutdown2.o(.ARM.Collect$$libshutdown$$00000010)
    .ARM.Collect$$rtentry$$00000000          0x08000248   Section        0  __rtentry.o(.ARM.Collect$$rtentry$$00000000)
    .ARM.Collect$$rtentry$$00000002          0x08000248   Section        0  __rtentry2.o(.ARM.Collect$$rtentry$$00000002)
    .ARM.Collect$$rtentry$$00000004          0x08000248   Section        6  __rtentry4.o(.ARM.Collect$$rtentry$$00000004)
    .ARM.Collect$$rtentry$$00000009          0x0800024e   Section        0  __rtentry2.o(.ARM.Collect$$rtentry$$00000009)
    .ARM.Collect$$rtentry$$0000000A          0x0800024e   Section        4  __rtentry2.o(.ARM.Collect$$rtentry$$0000000A)
    .ARM.Collect$$rtentry$$0000000C          0x08000252   Section        0  __rtentry2.o(.ARM.Collect$$rtentry$$0000000C)
    .ARM.Collect$$rtentry$$0000000D          0x08000252   Section        8  __rtentry2.o(.ARM.Collect$$rtentry$$0000000D)
    .ARM.Collect$$rtexit$$00000000           0x0800025a   Section        2  rtexit.o(.ARM.Collect$$rtexit$$00000000)
    .ARM.Collect$$rtexit$$00000002           0x0800025c   Section        0  rtexit2.o(.ARM.Collect$$rtexit$$00000002)
    .ARM.Collect$$rtexit$$00000003           0x0800025c   Section        4  rtexit2.o(.ARM.Collect$$rtexit$$00000003)
    .ARM.Collect$$rtexit$$00000004           0x08000260   Section        6  rtexit2.o(.ARM.Collect$$rtexit$$00000004)
    .text                                    0x08000268   Section       64  startup_stm32f746xx.o(.text)
    $v0                                      0x08000268   Number         0  startup_stm32f746xx.o(.text)
    .text                                    0x080002a8   Section        0  heapauxi.o(.text)
    .text                                    0x080002ae   Section       74  sys_stackheap_outer.o(.text)
    .text                                    0x080002f8   Section        0  exit.o(.text)
    .text                                    0x0800030c   Section        0  sys_exit.o(.text)
    .text                                    0x08000318   Section        8  libspace.o(.text)
    .text                                    0x08000320   Section        2  use_no_semi.o(.text)
    .text                                    0x08000322   Section        0  indicate_semi.o(.text)
    i.BusFault_Handler                       0x08000322   Section        0  stm32f7xx_it.o(i.BusFault_Handler)
    i.DebugMon_Handler                       0x08000326   Section        0  stm32f7xx_it.o(i.DebugMon_Handler)
    i.HAL_Delay                              0x08000328   Section        0  stm32f7xx_hal.o(i.HAL_Delay)
    i.HAL_GPIO_Init                          0x08000344   Section        0  stm32f7xx_hal_gpio.o(i.HAL_GPIO_Init)
    i.HAL_GetTick                            0x08000560   Section        0  stm32f7xx_hal.o(i.HAL_GetTick)
    i.HAL_IncTick                            0x0800056c   Section        0  stm32f7xx_hal.o(i.HAL_IncTick)
    i.HAL_Init                               0x0800057c   Section        0  stm32f7xx_hal.o(i.HAL_Init)
    i.HAL_InitTick                           0x080005a4   Section        0  stm32f7xx_hal.o(i.HAL_InitTick)
    i.HAL_MPU_ConfigRegion                   0x080005c8   Section        0  stm32f7xx_hal_cortex.o(i.HAL_MPU_ConfigRegion)
    i.HAL_MspInit                            0x08000624   Section        0  stm32f7xx_hal.o(i.HAL_MspInit)
    i.HAL_NVIC_SetPriority                   0x0800062e   Section        0  stm32f7xx_hal_cortex.o(i.HAL_NVIC_SetPriority)
    i.HAL_NVIC_SetPriorityGrouping           0x080006ac   Section        0  stm32f7xx_hal_cortex.o(i.HAL_NVIC_SetPriorityGrouping)
    i.HAL_PWREx_EnableOverDrive              0x080006d4   Section        0  stm32f7xx_hal_pwr_ex.o(i.HAL_PWREx_EnableOverDrive)
    i.HAL_RCC_ClockConfig                    0x08000768   Section        0  stm32f7xx_hal_rcc.o(i.HAL_RCC_ClockConfig)
    i.HAL_RCC_GetHCLKFreq                    0x080009d0   Section        0  stm32f7xx_hal_rcc.o(i.HAL_RCC_GetHCLKFreq)
    i.HAL_RCC_GetSysClockFreq                0x08000a08   Section        0  stm32f7xx_hal_rcc.o(i.HAL_RCC_GetSysClockFreq)
    i.HAL_RCC_OscConfig                      0x08000abc   Section        0  stm32f7xx_hal_rcc.o(i.HAL_RCC_OscConfig)
    i.HAL_SPI_Init                           0x08001010   Section        0  stm32f7xx_hal_spi.o(i.HAL_SPI_Init)
    i.HAL_SPI_MspInit                        0x080010de   Section        0  stm32f7xx_hal_spi.o(i.HAL_SPI_MspInit)
    i.HAL_SYSTICK_CLKSourceConfig            0x080010e0   Section        0  stm32f7xx_hal_cortex.o(i.HAL_SYSTICK_CLKSourceConfig)
    i.HAL_SYSTICK_Config                     0x08001108   Section        0  stm32f7xx_hal_cortex.o(i.HAL_SYSTICK_Config)
    i.HardFault_Handler                      0x0800113c   Section        0  stm32f7xx_it.o(i.HardFault_Handler)
    i.MemManage_Handler                      0x08001140   Section        0  stm32f7xx_it.o(i.MemManage_Handler)
    i.NMI_Handler                            0x08001144   Section        0  stm32f7xx_it.o(i.NMI_Handler)
    i.PendSV_Handler                         0x08001146   Section        0  stm32f7xx_it.o(i.PendSV_Handler)
    i.SVC_Handler                            0x08001148   Section        0  stm32f7xx_it.o(i.SVC_Handler)
    i.SysTick_Handler                        0x0800114a   Section        0  stm32f7xx_it.o(i.SysTick_Handler)
    i.SystemInit                             0x08001154   Section        0  system_stm32f7xx.o(i.SystemInit)
    i.UsageFault_Handler                     0x080011b8   Section        0  stm32f7xx_it.o(i.UsageFault_Handler)
    i._Z10__delay_msi                        0x080011bc   Section        0  device.o(i._Z10__delay_msi)
    i._Z10__delay_nsi                        0x080011c8   Section        0  device.o(i._Z10__delay_nsi)
    i._Z12clock_enablev                      0x080011e0   Section        0  init.o(i._Z12clock_enablev)
    i._Z12gpio_pin_setP12GPIO_TypeDefj       0x08001320   Section        0  gpio.o(i._Z12gpio_pin_setP12GPIO_TypeDefj)
    i._Z13gpio_alt_initP12GPIO_TypeDefjjjj   0x08001324   Section        0  gpio.o(i._Z13gpio_alt_initP12GPIO_TypeDefjjjj)
    i._Z13gpio_pin_initP12GPIO_TypeDefjjj    0x08001354   Section        0  gpio.o(i._Z13gpio_pin_initP12GPIO_TypeDefjjj)
    i._Z14gpio_pin_resetP12GPIO_TypeDefj     0x08001380   Section        0  gpio.o(i._Z14gpio_pin_resetP12GPIO_TypeDefj)
    i._Z17SPI_Enc28j60_Initv                 0x08001388   Section        0  init.o(i._Z17SPI_Enc28j60_Initv)
    i._Z18SystemClock_Configv                0x080013f4   Section        0  init.o(i._Z18SystemClock_Configv)
    i._Z8spi_initv                           0x080014c4   Section        0  init.o(i._Z8spi_initv)
    i._Z9core_initv                          0x080014c6   Section        0  init.o(i._Z9core_initv)
    i._Z9gpio_initv                          0x080014d8   Section        0  init.o(i._Z9gpio_initv)
    i._ZN29_INTERNAL_8_init_cpp_8c3459f110MPU_ConfigEv 0x08001578   Section        0  init.o(i._ZN29_INTERNAL_8_init_cpp_8c3459f110MPU_ConfigEv)
    [local to init_cpp]::MPU_Config()        0x08001579   Thumb Code   124  init.o(i._ZN29_INTERNAL_8_init_cpp_8c3459f110MPU_ConfigEv)
    i._ZN29_INTERNAL_8_init_cpp_8c3459f116CPU_CACHE_EnableEv 0x080015fc   Section        0  init.o(i._ZN29_INTERNAL_8_init_cpp_8c3459f116CPU_CACHE_EnableEv)
    [local to init_cpp]::CPU_CACHE_Enable()  0x080015fd   Thumb Code    96  init.o(i._ZN29_INTERNAL_8_init_cpp_8c3459f116CPU_CACHE_EnableEv)
    i._ZN29_INTERNAL_8_init_cpp_8c3459f116SCB_EnableDCacheEv 0x08001664   Section        0  init.o(i._ZN29_INTERNAL_8_init_cpp_8c3459f116SCB_EnableDCacheEv)
    [local to init_cpp]::SCB_EnableDCache()  0x08001665   Thumb Code   148  init.o(i._ZN29_INTERNAL_8_init_cpp_8c3459f116SCB_EnableDCacheEv)
    i._ZN44_INTERNAL_22_stm32f7xx_hal_cortex_c_2992dbc016NVIC_SetPriorityE9IRQn_Typej 0x08001700   Section        0  stm32f7xx_hal_cortex.o(i._ZN44_INTERNAL_22_stm32f7xx_hal_cortex_c_2992dbc016NVIC_SetPriorityE9IRQn_Typej)
    [local to stm32f7xx_hal_cortex_c]::NVIC_SetPriority(IRQn_Type, unsigned) 0x08001701   Thumb Code    32  stm32f7xx_hal_cortex.o(i._ZN44_INTERNAL_22_stm32f7xx_hal_cortex_c_2992dbc016NVIC_SetPriorityE9IRQn_Typej)
    i._ZN44_INTERNAL_22_stm32f7xx_hal_cortex_c_2992dbc024NVIC_GetPriorityGroupingEv 0x08001728   Section        0  stm32f7xx_hal_cortex.o(i._ZN44_INTERNAL_22_stm32f7xx_hal_cortex_c_2992dbc024NVIC_GetPriorityGroupingEv)
    [local to stm32f7xx_hal_cortex_c]::NVIC_GetPriorityGrouping() 0x08001729   Thumb Code    10  stm32f7xx_hal_cortex.o(i._ZN44_INTERNAL_22_stm32f7xx_hal_cortex_c_2992dbc024NVIC_GetPriorityGroupingEv)
    i._ZN6Device7goIddleEv                   0x08001738   Section        0  main.o(i._ZN6Device7goIddleEv)
    i._ZN6DeviceC1Ev                         0x08001778   Section        0  main.o(i._ZN6DeviceC1Ev)
    i.__cxa_guard_acquire                    0x08001874   Section        0  cxa_guard_acquire.o(i.__cxa_guard_acquire)
    i.main                                   0x08001884   Section        0  main.o(i.main)
    x$fpl$fpinit                             0x0800188c   Section       10  fpinit.o(x$fpl$fpinit)
    $v0                                      0x0800188c   Number         0  fpinit.o(x$fpl$fpinit)
    .constdata                               0x08001896   Section       16  stm32f7xx_hal_rcc.o(.constdata)
    APBAHBPrescTable                         0x08001896   Data          16  stm32f7xx_hal_rcc.o(.constdata)
    .constdata__ZTV11StepMotorAB             0x080018a8   Section       40  device.o(.constdata__ZTV11StepMotorAB)
    .constdata__ZTV12SynchronizerI11StepMotorABE 0x080018d0   Section       24  main.o(.constdata__ZTV12SynchronizerI11StepMotorABE)
    .data                                    0x20010000   Section        4  stm32f7xx_hal.o(.data)
    uwTick                                   0x20010000   Data           4  stm32f7xx_hal.o(.data)
    .data                                    0x20010004   Section        4  web_interface.o(.data)
    .data                                    0x20010008   Section        4  system_stm32f7xx.o(.data)
    .data__ZZN6DeviceC1EvE3web               0x2001000c   Section        8  main.o(.data__ZZN6DeviceC1EvE3web)
    Device::Device()::web                    0x2001000c   Number         0  main.o(.data__ZZN6DeviceC1EvE3web)
    .bss                                     0x20010014   Section      100  init.o(.bss)
    .bss                                     0x20010078   Section       40  gpio.o(.bss)
    gpio_pin_init(GPIO_TypeDef*, unsigned, unsigned, unsigned)::GPIO_InitStruct 0x20010078   Data          20  gpio.o(.bss)
    gpio_alt_init(GPIO_TypeDef*, unsigned, unsigned, unsigned, unsigned)::GPIO_InitStruct 0x2001008c   Data          20  gpio.o(.bss)
    .bss                                     0x200100a0   Section       96  libspace.o(.bss)
    HEAP                                     0x20010100   Section      512  startup_stm32f746xx.o(HEAP)
    Heap_Mem                                 0x20010100   Data         512  startup_stm32f746xx.o(HEAP)
    STACK                                    0x20010300   Section     1024  startup_stm32f746xx.o(STACK)
    Stack_Mem                                0x20010300   Data        1024  startup_stm32f746xx.o(STACK)
    __initial_sp                             0x20010700   Data           0  startup_stm32f746xx.o(STACK)

    Global Symbols

    Symbol Name                              Value     Ov Type        Size  Object(Section)

    BuildAttributes$$THM_ISAv4$E$P$D$K$B$S$7EM$VFPi5$EXTD16$VFPS$VFMA$PE$PLD8$A:L22UL41UL21$X:L11$S22US41US21$IEEE1$IW$USESV6$~STKCKD$USESV7$~SHL$OTIME$ROPI$EBA8$UX$STANDARDLIB$REQ8$PRES8$EABIv2 0x00000000   Number         0  anon$$obj.o ABSOLUTE
    __ARM_use_no_argv                        0x00000000   Number         0  main.o ABSOLUTE
    __ARM::default_unexpected_handler()       - Undefined Weak Reference
    __ARM_exceptions_buffer_required          - Undefined Weak Reference
    __ARM_exceptions_init                     - Undefined Weak Reference
    __alloca_initialize                       - Undefined Weak Reference
    __arm_preinit_                            - Undefined Weak Reference
    __cpp_initialize__aeabi_                  - Undefined Weak Reference
    __cxa_finalize                            - Undefined Weak Reference
    __rt_locale                               - Undefined Weak Reference
    __sigvec_lookup                           - Undefined Weak Reference
    __user_heap_extent                        - Undefined Weak Reference
    _atexit_init                              - Undefined Weak Reference
    _call_atexit_fns                          - Undefined Weak Reference
    _clock_init                               - Undefined Weak Reference
    _fp_trap_init                             - Undefined Weak Reference
    _fp_trap_shutdown                         - Undefined Weak Reference
    _get_lc_collate                           - Undefined Weak Reference
    _get_lc_ctype                             - Undefined Weak Reference
    _get_lc_monetary                          - Undefined Weak Reference
    _get_lc_numeric                           - Undefined Weak Reference
    _get_lc_time                              - Undefined Weak Reference
    _getenv_init                              - Undefined Weak Reference
    _handle_redirection                       - Undefined Weak Reference
    _initio                                   - Undefined Weak Reference
    _mutex_acquire                            - Undefined Weak Reference
    _mutex_free                               - Undefined Weak Reference
    _mutex_release                            - Undefined Weak Reference
    _rand_init                                - Undefined Weak Reference
    _signal_finish                            - Undefined Weak Reference
    _signal_init                              - Undefined Weak Reference
    _terminateio                              - Undefined Weak Reference
    __Vectors_Size                           0x000001c8   Number         0  startup_stm32f746xx.o ABSOLUTE
    __Vectors                                0x08000000   Data           4  startup_stm32f746xx.o(RESET)
    __Vectors_End                            0x080001c8   Data           0  startup_stm32f746xx.o(RESET)
    __main                                   0x080001c9   Thumb Code     8  __main.o(!!!main)
    __scatterload                            0x080001d1   Thumb Code     0  __scatter.o(!!!scatter)
    __scatterload_rt2                        0x080001d1   Thumb Code    44  __scatter.o(!!!scatter)
    __scatterload_rt2_thumb_only             0x080001d1   Thumb Code     0  __scatter.o(!!!scatter)
    __scatterload_null                       0x080001df   Thumb Code     0  __scatter.o(!!!scatter)
    __scatterload_copy                       0x08000205   Thumb Code    26  __scatter_copy.o(!!handler_copy)
    __scatterload_zeroinit                   0x08000221   Thumb Code    28  __scatter_zi.o(!!handler_zi)
    __rt_lib_init                            0x0800023d   Thumb Code     0  libinit.o(.ARM.Collect$$libinit$$00000000)
    __rt_lib_init_fp_1                       0x0800023f   Thumb Code     0  libinit2.o(.ARM.Collect$$libinit$$00000001)
    __rt_lib_init_alloca_1                   0x08000243   Thumb Code     0  libinit2.o(.ARM.Collect$$libinit$$0000002E)
    __rt_lib_init_argv_1                     0x08000243   Thumb Code     0  libinit2.o(.ARM.Collect$$libinit$$0000002C)
    __rt_lib_init_atexit_1                   0x08000243   Thumb Code     0  libinit2.o(.ARM.Collect$$libinit$$0000001B)
    __rt_lib_init_clock_1                    0x08000243   Thumb Code     0  libinit2.o(.ARM.Collect$$libinit$$00000021)
    __rt_lib_init_cpp_1                      0x08000243   Thumb Code     0  libinit2.o(.ARM.Collect$$libinit$$00000032)
    __rt_lib_init_exceptions_1               0x08000243   Thumb Code     0  libinit2.o(.ARM.Collect$$libinit$$00000030)
    __rt_lib_init_fp_trap_1                  0x08000243   Thumb Code     0  libinit2.o(.ARM.Collect$$libinit$$0000001F)
    __rt_lib_init_getenv_1                   0x08000243   Thumb Code     0  libinit2.o(.ARM.Collect$$libinit$$00000023)
    __rt_lib_init_heap_1                     0x08000243   Thumb Code     0  libinit2.o(.ARM.Collect$$libinit$$0000000A)
    __rt_lib_init_lc_collate_1               0x08000243   Thumb Code     0  libinit2.o(.ARM.Collect$$libinit$$00000011)
    __rt_lib_init_lc_ctype_1                 0x08000243   Thumb Code     0  libinit2.o(.ARM.Collect$$libinit$$00000013)
    __rt_lib_init_lc_monetary_1              0x08000243   Thumb Code     0  libinit2.o(.ARM.Collect$$libinit$$00000015)
    __rt_lib_init_lc_numeric_1               0x08000243   Thumb Code     0  libinit2.o(.ARM.Collect$$libinit$$00000017)
    __rt_lib_init_lc_time_1                  0x08000243   Thumb Code     0  libinit2.o(.ARM.Collect$$libinit$$00000019)
    __rt_lib_init_preinit_1                  0x08000243   Thumb Code     0  libinit2.o(.ARM.Collect$$libinit$$00000004)
    __rt_lib_init_rand_1                     0x08000243   Thumb Code     0  libinit2.o(.ARM.Collect$$libinit$$0000000E)
    __rt_lib_init_return                     0x08000243   Thumb Code     0  libinit2.o(.ARM.Collect$$libinit$$00000033)
    __rt_lib_init_signal_1                   0x08000243   Thumb Code     0  libinit2.o(.ARM.Collect$$libinit$$0000001D)
    __rt_lib_init_stdio_1                    0x08000243   Thumb Code     0  libinit2.o(.ARM.Collect$$libinit$$00000025)
    __rt_lib_init_user_alloc_1               0x08000243   Thumb Code     0  libinit2.o(.ARM.Collect$$libinit$$0000000C)
    __rt_lib_shutdown                        0x08000245   Thumb Code     0  libshutdown.o(.ARM.Collect$$libshutdown$$00000000)
    __rt_lib_shutdown_cpp_1                  0x08000247   Thumb Code     0  libshutdown2.o(.ARM.Collect$$libshutdown$$00000002)
    __rt_lib_shutdown_fp_trap_1              0x08000247   Thumb Code     0  libshutdown2.o(.ARM.Collect$$libshutdown$$00000007)
    __rt_lib_shutdown_heap_1                 0x08000247   Thumb Code     0  libshutdown2.o(.ARM.Collect$$libshutdown$$0000000F)
    __rt_lib_shutdown_return                 0x08000247   Thumb Code     0  libshutdown2.o(.ARM.Collect$$libshutdown$$00000010)
    __rt_lib_shutdown_signal_1               0x08000247   Thumb Code     0  libshutdown2.o(.ARM.Collect$$libshutdown$$0000000A)
    __rt_lib_shutdown_stdio_1                0x08000247   Thumb Code     0  libshutdown2.o(.ARM.Collect$$libshutdown$$00000004)
    __rt_lib_shutdown_user_alloc_1           0x08000247   Thumb Code     0  libshutdown2.o(.ARM.Collect$$libshutdown$$0000000C)
    __rt_entry                               0x08000249   Thumb Code     0  __rtentry.o(.ARM.Collect$$rtentry$$00000000)
    __rt_entry_presh_1                       0x08000249   Thumb Code     0  __rtentry2.o(.ARM.Collect$$rtentry$$00000002)
    __rt_entry_sh                            0x08000249   Thumb Code     0  __rtentry4.o(.ARM.Collect$$rtentry$$00000004)
    __rt_entry_li                            0x0800024f   Thumb Code     0  __rtentry2.o(.ARM.Collect$$rtentry$$0000000A)
    __rt_entry_postsh_1                      0x0800024f   Thumb Code     0  __rtentry2.o(.ARM.Collect$$rtentry$$00000009)
    __rt_entry_main                          0x08000253   Thumb Code     0  __rtentry2.o(.ARM.Collect$$rtentry$$0000000D)
    __rt_entry_postli_1                      0x08000253   Thumb Code     0  __rtentry2.o(.ARM.Collect$$rtentry$$0000000C)
    __rt_exit                                0x0800025b   Thumb Code     0  rtexit.o(.ARM.Collect$$rtexit$$00000000)
    __rt_exit_ls                             0x0800025d   Thumb Code     0  rtexit2.o(.ARM.Collect$$rtexit$$00000003)
    __rt_exit_prels_1                        0x0800025d   Thumb Code     0  rtexit2.o(.ARM.Collect$$rtexit$$00000002)
    __rt_exit_exit                           0x08000261   Thumb Code     0  rtexit2.o(.ARM.Collect$$rtexit$$00000004)
    Reset_Handler                            0x08000269   Thumb Code     8  startup_stm32f746xx.o(.text)
    ADC_IRQHandler                           0x08000283   Thumb Code     0  startup_stm32f746xx.o(.text)
    CAN1_RX0_IRQHandler                      0x08000283   Thumb Code     0  startup_stm32f746xx.o(.text)
    CAN1_RX1_IRQHandler                      0x08000283   Thumb Code     0  startup_stm32f746xx.o(.text)
    CAN1_SCE_IRQHandler                      0x08000283   Thumb Code     0  startup_stm32f746xx.o(.text)
    CAN1_TX_IRQHandler                       0x08000283   Thumb Code     0  startup_stm32f746xx.o(.text)
    CAN2_RX0_IRQHandler                      0x08000283   Thumb Code     0  startup_stm32f746xx.o(.text)
    CAN2_RX1_IRQHandler                      0x08000283   Thumb Code     0  startup_stm32f746xx.o(.text)
    CAN2_SCE_IRQHandler                      0x08000283   Thumb Code     0  startup_stm32f746xx.o(.text)
    CAN2_TX_IRQHandler                       0x08000283   Thumb Code     0  startup_stm32f746xx.o(.text)
    CEC_IRQHandler                           0x08000283   Thumb Code     0  startup_stm32f746xx.o(.text)
    DCMI_IRQHandler                          0x08000283   Thumb Code     0  startup_stm32f746xx.o(.text)
    DMA1_Stream0_IRQHandler                  0x08000283   Thumb Code     0  startup_stm32f746xx.o(.text)
    DMA1_Stream1_IRQHandler                  0x08000283   Thumb Code     0  startup_stm32f746xx.o(.text)
    DMA1_Stream2_IRQHandler                  0x08000283   Thumb Code     0  startup_stm32f746xx.o(.text)
    DMA1_Stream3_IRQHandler                  0x08000283   Thumb Code     0  startup_stm32f746xx.o(.text)
    DMA1_Stream4_IRQHandler                  0x08000283   Thumb Code     0  startup_stm32f746xx.o(.text)
    DMA1_Stream5_IRQHandler                  0x08000283   Thumb Code     0  startup_stm32f746xx.o(.text)
    DMA1_Stream6_IRQHandler                  0x08000283   Thumb Code     0  startup_stm32f746xx.o(.text)
    DMA1_Stream7_IRQHandler                  0x08000283   Thumb Code     0  startup_stm32f746xx.o(.text)
    DMA2D_IRQHandler                         0x08000283   Thumb Code     0  startup_stm32f746xx.o(.text)
    DMA2_Stream0_IRQHandler                  0x08000283   Thumb Code     0  startup_stm32f746xx.o(.text)
    DMA2_Stream1_IRQHandler                  0x08000283   Thumb Code     0  startup_stm32f746xx.o(.text)
    DMA2_Stream2_IRQHandler                  0x08000283   Thumb Code     0  startup_stm32f746xx.o(.text)
    DMA2_Stream3_IRQHandler                  0x08000283   Thumb Code     0  startup_stm32f746xx.o(.text)
    DMA2_Stream4_IRQHandler                  0x08000283   Thumb Code     0  startup_stm32f746xx.o(.text)
    DMA2_Stream5_IRQHandler                  0x08000283   Thumb Code     0  startup_stm32f746xx.o(.text)
    DMA2_Stream6_IRQHandler                  0x08000283   Thumb Code     0  startup_stm32f746xx.o(.text)
    DMA2_Stream7_IRQHandler                  0x08000283   Thumb Code     0  startup_stm32f746xx.o(.text)
    ETH_IRQHandler                           0x08000283   Thumb Code     0  startup_stm32f746xx.o(.text)
    ETH_WKUP_IRQHandler                      0x08000283   Thumb Code     0  startup_stm32f746xx.o(.text)
    EXTI0_IRQHandler                         0x08000283   Thumb Code     0  startup_stm32f746xx.o(.text)
    EXTI15_10_IRQHandler                     0x08000283   Thumb Code     0  startup_stm32f746xx.o(.text)
    EXTI1_IRQHandler                         0x08000283   Thumb Code     0  startup_stm32f746xx.o(.text)
    EXTI2_IRQHandler                         0x08000283   Thumb Code     0  startup_stm32f746xx.o(.text)
    EXTI3_IRQHandler                         0x08000283   Thumb Code     0  startup_stm32f746xx.o(.text)
    EXTI4_IRQHandler                         0x08000283   Thumb Code     0  startup_stm32f746xx.o(.text)
    EXTI9_5_IRQHandler                       0x08000283   Thumb Code     0  startup_stm32f746xx.o(.text)
    FLASH_IRQHandler                         0x08000283   Thumb Code     0  startup_stm32f746xx.o(.text)
    FMC_IRQHandler                           0x08000283   Thumb Code     0  startup_stm32f746xx.o(.text)
    FPU_IRQHandler                           0x08000283   Thumb Code     0  startup_stm32f746xx.o(.text)
    I2C1_ER_IRQHandler                       0x08000283   Thumb Code     0  startup_stm32f746xx.o(.text)
    I2C1_EV_IRQHandler                       0x08000283   Thumb Code     0  startup_stm32f746xx.o(.text)
    I2C2_ER_IRQHandler                       0x08000283   Thumb Code     0  startup_stm32f746xx.o(.text)
    I2C2_EV_IRQHandler                       0x08000283   Thumb Code     0  startup_stm32f746xx.o(.text)
    I2C3_ER_IRQHandler                       0x08000283   Thumb Code     0  startup_stm32f746xx.o(.text)
    I2C3_EV_IRQHandler                       0x08000283   Thumb Code     0  startup_stm32f746xx.o(.text)
    I2C4_ER_IRQHandler                       0x08000283   Thumb Code     0  startup_stm32f746xx.o(.text)
    I2C4_EV_IRQHandler                       0x08000283   Thumb Code     0  startup_stm32f746xx.o(.text)
    LPTIM1_IRQHandler                        0x08000283   Thumb Code     0  startup_stm32f746xx.o(.text)
    LTDC_ER_IRQHandler                       0x08000283   Thumb Code     0  startup_stm32f746xx.o(.text)
    LTDC_IRQHandler                          0x08000283   Thumb Code     0  startup_stm32f746xx.o(.text)
    OTG_FS_IRQHandler                        0x08000283   Thumb Code     0  startup_stm32f746xx.o(.text)
    OTG_FS_WKUP_IRQHandler                   0x08000283   Thumb Code     0  startup_stm32f746xx.o(.text)
    OTG_HS_EP1_IN_IRQHandler                 0x08000283   Thumb Code     0  startup_stm32f746xx.o(.text)
    OTG_HS_EP1_OUT_IRQHandler                0x08000283   Thumb Code     0  startup_stm32f746xx.o(.text)
    OTG_HS_IRQHandler                        0x08000283   Thumb Code     0  startup_stm32f746xx.o(.text)
    OTG_HS_WKUP_IRQHandler                   0x08000283   Thumb Code     0  startup_stm32f746xx.o(.text)
    PVD_IRQHandler                           0x08000283   Thumb Code     0  startup_stm32f746xx.o(.text)
    QUADSPI_IRQHandler                       0x08000283   Thumb Code     0  startup_stm32f746xx.o(.text)
    RCC_IRQHandler                           0x08000283   Thumb Code     0  startup_stm32f746xx.o(.text)
    RNG_IRQHandler                           0x08000283   Thumb Code     0  startup_stm32f746xx.o(.text)
    RTC_Alarm_IRQHandler                     0x08000283   Thumb Code     0  startup_stm32f746xx.o(.text)
    RTC_WKUP_IRQHandler                      0x08000283   Thumb Code     0  startup_stm32f746xx.o(.text)
    SAI1_IRQHandler                          0x08000283   Thumb Code     0  startup_stm32f746xx.o(.text)
    SAI2_IRQHandler                          0x08000283   Thumb Code     0  startup_stm32f746xx.o(.text)
    SDMMC1_IRQHandler                        0x08000283   Thumb Code     0  startup_stm32f746xx.o(.text)
    SPDIF_RX_IRQHandler                      0x08000283   Thumb Code     0  startup_stm32f746xx.o(.text)
    SPI1_IRQHandler                          0x08000283   Thumb Code     0  startup_stm32f746xx.o(.text)
    SPI2_IRQHandler                          0x08000283   Thumb Code     0  startup_stm32f746xx.o(.text)
    SPI3_IRQHandler                          0x08000283   Thumb Code     0  startup_stm32f746xx.o(.text)
    SPI4_IRQHandler                          0x08000283   Thumb Code     0  startup_stm32f746xx.o(.text)
    SPI5_IRQHandler                          0x08000283   Thumb Code     0  startup_stm32f746xx.o(.text)
    SPI6_IRQHandler                          0x08000283   Thumb Code     0  startup_stm32f746xx.o(.text)
    TAMP_STAMP_IRQHandler                    0x08000283   Thumb Code     0  startup_stm32f746xx.o(.text)
    TIM1_BRK_TIM9_IRQHandler                 0x08000283   Thumb Code     0  startup_stm32f746xx.o(.text)
    TIM1_CC_IRQHandler                       0x08000283   Thumb Code     0  startup_stm32f746xx.o(.text)
    TIM1_TRG_COM_TIM11_IRQHandler            0x08000283   Thumb Code     0  startup_stm32f746xx.o(.text)
    TIM1_UP_TIM10_IRQHandler                 0x08000283   Thumb Code     0  startup_stm32f746xx.o(.text)
    TIM2_IRQHandler                          0x08000283   Thumb Code     0  startup_stm32f746xx.o(.text)
    TIM3_IRQHandler                          0x08000283   Thumb Code     0  startup_stm32f746xx.o(.text)
    TIM4_IRQHandler                          0x08000283   Thumb Code     0  startup_stm32f746xx.o(.text)
    TIM5_IRQHandler                          0x08000283   Thumb Code     0  startup_stm32f746xx.o(.text)
    TIM6_DAC_IRQHandler                      0x08000283   Thumb Code     0  startup_stm32f746xx.o(.text)
    TIM7_IRQHandler                          0x08000283   Thumb Code     0  startup_stm32f746xx.o(.text)
    TIM8_BRK_TIM12_IRQHandler                0x08000283   Thumb Code     0  startup_stm32f746xx.o(.text)
    TIM8_CC_IRQHandler                       0x08000283   Thumb Code     0  startup_stm32f746xx.o(.text)
    TIM8_TRG_COM_TIM14_IRQHandler            0x08000283   Thumb Code     0  startup_stm32f746xx.o(.text)
    TIM8_UP_TIM13_IRQHandler                 0x08000283   Thumb Code     0  startup_stm32f746xx.o(.text)
    UART4_IRQHandler                         0x08000283   Thumb Code     0  startup_stm32f746xx.o(.text)
    UART5_IRQHandler                         0x08000283   Thumb Code     0  startup_stm32f746xx.o(.text)
    UART7_IRQHandler                         0x08000283   Thumb Code     0  startup_stm32f746xx.o(.text)
    UART8_IRQHandler                         0x08000283   Thumb Code     0  startup_stm32f746xx.o(.text)
    USART1_IRQHandler                        0x08000283   Thumb Code     0  startup_stm32f746xx.o(.text)
    USART2_IRQHandler                        0x08000283   Thumb Code     0  startup_stm32f746xx.o(.text)
    USART3_IRQHandler                        0x08000283   Thumb Code     0  startup_stm32f746xx.o(.text)
    USART6_IRQHandler                        0x08000283   Thumb Code     0  startup_stm32f746xx.o(.text)
    WWDG_IRQHandler                          0x08000283   Thumb Code     0  startup_stm32f746xx.o(.text)
    __user_initial_stackheap                 0x08000285   Thumb Code     0  startup_stm32f746xx.o(.text)
    __use_two_region_memory                  0x080002a9   Thumb Code     2  heapauxi.o(.text)
    __rt_heap_escrow                         0x080002ab   Thumb Code     2  heapauxi.o(.text)
    __rt_heap_expand                         0x080002ad   Thumb Code     2  heapauxi.o(.text)
    __user_setup_stackheap                   0x080002af   Thumb Code    74  sys_stackheap_outer.o(.text)
    exit                                     0x080002f9   Thumb Code    18  exit.o(.text)
    _sys_exit                                0x0800030d   Thumb Code     8  sys_exit.o(.text)
    __user_libspace                          0x08000319   Thumb Code     8  libspace.o(.text)
    __user_perproc_libspace                  0x08000319   Thumb Code     0  libspace.o(.text)
    __user_perthread_libspace                0x08000319   Thumb Code     0  libspace.o(.text)
    __I$use$semihosting                      0x08000321   Thumb Code     0  use_no_semi.o(.text)
    __use_no_semihosting_swi                 0x08000321   Thumb Code     2  use_no_semi.o(.text)
    BusFault_Handler                         0x08000323   Thumb Code     4  stm32f7xx_it.o(i.BusFault_Handler)
    __semihosting_library_function           0x08000323   Thumb Code     0  indicate_semi.o(.text)
    DebugMon_Handler                         0x08000327   Thumb Code     2  stm32f7xx_it.o(i.DebugMon_Handler)
    HAL_Delay                                0x08000329   Thumb Code    26  stm32f7xx_hal.o(i.HAL_Delay)
    HAL_GPIO_Init                            0x08000345   Thumb Code   488  stm32f7xx_hal_gpio.o(i.HAL_GPIO_Init)
    HAL_GetTick                              0x08000561   Thumb Code     6  stm32f7xx_hal.o(i.HAL_GetTick)
    HAL_IncTick                              0x0800056d   Thumb Code    12  stm32f7xx_hal.o(i.HAL_IncTick)
    HAL_Init                                 0x0800057d   Thumb Code    34  stm32f7xx_hal.o(i.HAL_Init)
    HAL_InitTick                             0x080005a5   Thumb Code    36  stm32f7xx_hal.o(i.HAL_InitTick)
    HAL_MPU_ConfigRegion                     0x080005c9   Thumb Code    88  stm32f7xx_hal_cortex.o(i.HAL_MPU_ConfigRegion)
    HAL_MspInit                              0x08000625   Thumb Code    10  stm32f7xx_hal.o(i.HAL_MspInit)
    HAL_NVIC_SetPriority                     0x0800062f   Thumb Code   124  stm32f7xx_hal_cortex.o(i.HAL_NVIC_SetPriority)
    HAL_NVIC_SetPriorityGrouping             0x080006ad   Thumb Code    32  stm32f7xx_hal_cortex.o(i.HAL_NVIC_SetPriorityGrouping)
    HAL_PWREx_EnableOverDrive                0x080006d5   Thumb Code   140  stm32f7xx_hal_pwr_ex.o(i.HAL_PWREx_EnableOverDrive)
    HAL_RCC_ClockConfig                      0x08000769   Thumb Code   608  stm32f7xx_hal_rcc.o(i.HAL_RCC_ClockConfig)
    HAL_RCC_GetHCLKFreq                      0x080009d1   Thumb Code    42  stm32f7xx_hal_rcc.o(i.HAL_RCC_GetHCLKFreq)
    HAL_RCC_GetSysClockFreq                  0x08000a09   Thumb Code   168  stm32f7xx_hal_rcc.o(i.HAL_RCC_GetSysClockFreq)
    HAL_RCC_OscConfig                        0x08000abd   Thumb Code  1360  stm32f7xx_hal_rcc.o(i.HAL_RCC_OscConfig)
    HAL_SPI_Init                             0x08001011   Thumb Code   206  stm32f7xx_hal_spi.o(i.HAL_SPI_Init)
    HAL_SPI_MspInit                          0x080010df   Thumb Code     2  stm32f7xx_hal_spi.o(i.HAL_SPI_MspInit)
    HAL_SYSTICK_CLKSourceConfig              0x080010e1   Thumb Code    40  stm32f7xx_hal_cortex.o(i.HAL_SYSTICK_CLKSourceConfig)
    HAL_SYSTICK_Config                       0x08001109   Thumb Code    52  stm32f7xx_hal_cortex.o(i.HAL_SYSTICK_Config)
    HardFault_Handler                        0x0800113d   Thumb Code     4  stm32f7xx_it.o(i.HardFault_Handler)
    MemManage_Handler                        0x08001141   Thumb Code     4  stm32f7xx_it.o(i.MemManage_Handler)
    NMI_Handler                              0x08001145   Thumb Code     2  stm32f7xx_it.o(i.NMI_Handler)
    PendSV_Handler                           0x08001147   Thumb Code     2  stm32f7xx_it.o(i.PendSV_Handler)
    SVC_Handler                              0x08001149   Thumb Code     2  stm32f7xx_it.o(i.SVC_Handler)
    SysTick_Handler                          0x0800114b   Thumb Code     8  stm32f7xx_it.o(i.SysTick_Handler)
    SystemInit                               0x08001155   Thumb Code    82  system_stm32f7xx.o(i.SystemInit)
    UsageFault_Handler                       0x080011b9   Thumb Code     4  stm32f7xx_it.o(i.UsageFault_Handler)
    __delay_ms(int)                          0x080011bd   Thumb Code    12  device.o(i._Z10__delay_msi)
    __delay_ns(int)                          0x080011c9   Thumb Code    22  device.o(i._Z10__delay_nsi)
    clock_enable()                           0x080011e1   Thumb Code   316  init.o(i._Z12clock_enablev)
    gpio_pin_set(GPIO_TypeDef*, unsigned)    0x08001321   Thumb Code     4  gpio.o(i._Z12gpio_pin_setP12GPIO_TypeDefj)
    gpio_alt_init(GPIO_TypeDef*, unsigned, unsigned, unsigned, unsigned) 0x08001325   Thumb Code    44  gpio.o(i._Z13gpio_alt_initP12GPIO_TypeDefjjjj)
    gpio_pin_init(GPIO_TypeDef*, unsigned, unsigned, unsigned) 0x08001355   Thumb Code    38  gpio.o(i._Z13gpio_pin_initP12GPIO_TypeDefjjj)
    gpio_pin_reset(GPIO_TypeDef*, unsigned)  0x08001381   Thumb Code     6  gpio.o(i._Z14gpio_pin_resetP12GPIO_TypeDefj)
    SPI_Enc28j60_Init()                      0x08001389   Thumb Code    98  init.o(i._Z17SPI_Enc28j60_Initv)
    SystemClock_Config()                     0x080013f5   Thumb Code   200  init.o(i._Z18SystemClock_Configv)
    spi_init()                               0x080014c5   Thumb Code     2  init.o(i._Z8spi_initv)
    core_init()                              0x080014c7   Thumb Code    16  init.o(i._Z9core_initv)
    gpio_init()                              0x080014d9   Thumb Code   138  init.o(i._Z9gpio_initv)
    Device::goIddle()                        0x08001739   Thumb Code    52  main.o(i._ZN6Device7goIddleEv)
    Device::Device()                         0x08001779   Thumb Code   220  main.o(i._ZN6DeviceC1Ev)
    Device::Device__sub_object()             0x08001779   Thumb Code     0  main.o(i._ZN6DeviceC1Ev)
    __cxa_guard_acquire                      0x08001875   Thumb Code    16  cxa_guard_acquire.o(i.__cxa_guard_acquire)
    main                                     0x08001885   Thumb Code     8  main.o(i.main)
    _fp_init                                 0x0800188d   Thumb Code    10  fpinit.o(x$fpl$fpinit)
    __fplib_config_fpu_vfp                   0x08001895   Thumb Code     0  fpinit.o(x$fpl$fpinit)
    __fplib_config_pureend_doubles           0x08001895   Thumb Code     0  fpinit.o(x$fpl$fpinit)
    vtable for StepMotorAB                   0x080018a8   Data          40  device.o(.constdata__ZTV11StepMotorAB)
    vtable for Synchronizer<StepMotorAB>     0x080018d0   Data          24  main.o(.constdata__ZTV12SynchronizerI11StepMotorABE)
    Region$$Table$$Base                      0x080018e8   Number         0  anon$$obj.o(Region$$Table)
    Region$$Table$$Limit                     0x08001908   Number         0  anon$$obj.o(Region$$Table)
    __wFace                                  0x20010004   Data           4  web_interface.o(.data)
    SystemCoreClock                          0x20010008   Data           4  system_stm32f7xx.o(.data)
    guard variable for Device::Device()::web 0x2001000c   Data           4  main.o(.data__ZZN6DeviceC1EvE3web)
    Device::Device()::web                    0x20010010   Data           4  main.o(.data__ZZN6DeviceC1EvE3web)
    SpiHandle_Enc28j60                       0x20010014   Data         100  init.o(.bss)
    __libspace_start                         0x200100a0   Data          96  libspace.o(.bss)
    __temporary_stack_top$libspace           0x20010100   Data           0  libspace.o(.bss)



==============================================================================

Memory Map of the image

  Image Entry point : 0x080001c9

  Load Region LR_IROM1 (Base: 0x08000000, Size: 0x0000191c, Max: 0x00100000, ABSOLUTE)

    Execution Region ER_IROM1 (Base: 0x08000000, Size: 0x00001908, Max: 0x00100000, ABSOLUTE)

    Base Addr    Size         Type   Attr      Idx    E Section Name        Object

    0x08000000   0x000001c8   Data   RO         2835    RESET               startup_stm32f746xx.o
    0x080001c8   0x00000008   Code   RO         2885  * !!!main             c_w.l(__main.o)
    0x080001d0   0x00000034   Code   RO         3302    !!!scatter          c_w.l(__scatter.o)
    0x08000204   0x0000001a   Code   RO         3304    !!handler_copy      c_w.l(__scatter_copy.o)
    0x0800021e   0x00000002   PAD
    0x08000220   0x0000001c   Code   RO         3306    !!handler_zi        c_w.l(__scatter_zi.o)
    0x0800023c   0x00000002   Code   RO         3113    .ARM.Collect$$libinit$$00000000  c_w.l(libinit.o)
    0x0800023e   0x00000004   Code   RO         3165    .ARM.Collect$$libinit$$00000001  c_w.l(libinit2.o)
    0x08000242   0x00000000   Code   RO         3168    .ARM.Collect$$libinit$$00000004  c_w.l(libinit2.o)
    0x08000242   0x00000000   Code   RO         3171    .ARM.Collect$$libinit$$0000000A  c_w.l(libinit2.o)
    0x08000242   0x00000000   Code   RO         3173    .ARM.Collect$$libinit$$0000000C  c_w.l(libinit2.o)
    0x08000242   0x00000000   Code   RO         3175    .ARM.Collect$$libinit$$0000000E  c_w.l(libinit2.o)
    0x08000242   0x00000000   Code   RO         3178    .ARM.Collect$$libinit$$00000011  c_w.l(libinit2.o)
    0x08000242   0x00000000   Code   RO         3180    .ARM.Collect$$libinit$$00000013  c_w.l(libinit2.o)
    0x08000242   0x00000000   Code   RO         3182    .ARM.Collect$$libinit$$00000015  c_w.l(libinit2.o)
    0x08000242   0x00000000   Code   RO         3184    .ARM.Collect$$libinit$$00000017  c_w.l(libinit2.o)
    0x08000242   0x00000000   Code   RO         3186    .ARM.Collect$$libinit$$00000019  c_w.l(libinit2.o)
    0x08000242   0x00000000   Code   RO         3188    .ARM.Collect$$libinit$$0000001B  c_w.l(libinit2.o)
    0x08000242   0x00000000   Code   RO         3190    .ARM.Collect$$libinit$$0000001D  c_w.l(libinit2.o)
    0x08000242   0x00000000   Code   RO         3192    .ARM.Collect$$libinit$$0000001F  c_w.l(libinit2.o)
    0x08000242   0x00000000   Code   RO         3194    .ARM.Collect$$libinit$$00000021  c_w.l(libinit2.o)
    0x08000242   0x00000000   Code   RO         3196    .ARM.Collect$$libinit$$00000023  c_w.l(libinit2.o)
    0x08000242   0x00000000   Code   RO         3198    .ARM.Collect$$libinit$$00000025  c_w.l(libinit2.o)
    0x08000242   0x00000000   Code   RO         3202    .ARM.Collect$$libinit$$0000002C  c_w.l(libinit2.o)
    0x08000242   0x00000000   Code   RO         3204    .ARM.Collect$$libinit$$0000002E  c_w.l(libinit2.o)
    0x08000242   0x00000000   Code   RO         3206    .ARM.Collect$$libinit$$00000030  c_w.l(libinit2.o)
    0x08000242   0x00000000   Code   RO         3208    .ARM.Collect$$libinit$$00000032  c_w.l(libinit2.o)
    0x08000242   0x00000002   Code   RO         3209    .ARM.Collect$$libinit$$00000033  c_w.l(libinit2.o)
    0x08000244   0x00000002   Code   RO         3261    .ARM.Collect$$libshutdown$$00000000  c_w.l(libshutdown.o)
    0x08000246   0x00000000   Code   RO         3271    .ARM.Collect$$libshutdown$$00000002  c_w.l(libshutdown2.o)
    0x08000246   0x00000000   Code   RO         3273    .ARM.Collect$$libshutdown$$00000004  c_w.l(libshutdown2.o)
    0x08000246   0x00000000   Code   RO         3276    .ARM.Collect$$libshutdown$$00000007  c_w.l(libshutdown2.o)
    0x08000246   0x00000000   Code   RO         3279    .ARM.Collect$$libshutdown$$0000000A  c_w.l(libshutdown2.o)
    0x08000246   0x00000000   Code   RO         3281    .ARM.Collect$$libshutdown$$0000000C  c_w.l(libshutdown2.o)
    0x08000246   0x00000000   Code   RO         3284    .ARM.Collect$$libshutdown$$0000000F  c_w.l(libshutdown2.o)
    0x08000246   0x00000002   Code   RO         3285    .ARM.Collect$$libshutdown$$00000010  c_w.l(libshutdown2.o)
    0x08000248   0x00000000   Code   RO         2999    .ARM.Collect$$rtentry$$00000000  c_w.l(__rtentry.o)
    0x08000248   0x00000000   Code   RO         3014    .ARM.Collect$$rtentry$$00000002  c_w.l(__rtentry2.o)
    0x08000248   0x00000006   Code   RO         3026    .ARM.Collect$$rtentry$$00000004  c_w.l(__rtentry4.o)
    0x0800024e   0x00000000   Code   RO         3016    .ARM.Collect$$rtentry$$00000009  c_w.l(__rtentry2.o)
    0x0800024e   0x00000004   Code   RO         3017    .ARM.Collect$$rtentry$$0000000A  c_w.l(__rtentry2.o)
    0x08000252   0x00000000   Code   RO         3019    .ARM.Collect$$rtentry$$0000000C  c_w.l(__rtentry2.o)
    0x08000252   0x00000008   Code   RO         3020    .ARM.Collect$$rtentry$$0000000D  c_w.l(__rtentry2.o)
    0x0800025a   0x00000002   Code   RO         3124    .ARM.Collect$$rtexit$$00000000  c_w.l(rtexit.o)
    0x0800025c   0x00000000   Code   RO         3216    .ARM.Collect$$rtexit$$00000002  c_w.l(rtexit2.o)
    0x0800025c   0x00000004   Code   RO         3217    .ARM.Collect$$rtexit$$00000003  c_w.l(rtexit2.o)
    0x08000260   0x00000006   Code   RO         3218    .ARM.Collect$$rtexit$$00000004  c_w.l(rtexit2.o)
    0x08000266   0x00000002   PAD
    0x08000268   0x00000040   Code   RO         2836    .text               startup_stm32f746xx.o
    0x080002a8   0x00000006   Code   RO         2883    .text               c_w.l(heapauxi.o)
    0x080002ae   0x0000004a   Code   RO         3041    .text               c_w.l(sys_stackheap_outer.o)
    0x080002f8   0x00000012   Code   RO         3104    .text               c_w.l(exit.o)
    0x0800030a   0x00000002   PAD
    0x0800030c   0x0000000c   Code   RO         3117    .text               c_w.l(sys_exit.o)
    0x08000318   0x00000008   Code   RO         3119    .text               c_w.l(libspace.o)
    0x08000320   0x00000002   Code   RO         3212    .text               c_w.l(use_no_semi.o)
    0x08000322   0x00000000   Code   RO         3214    .text               c_w.l(indicate_semi.o)
    0x08000322   0x00000004   Code   RO         1925    i.BusFault_Handler  stm32f7xx_it.o
    0x08000326   0x00000002   Code   RO         1926    i.DebugMon_Handler  stm32f7xx_it.o
    0x08000328   0x0000001a   Code   RO           11    i.HAL_Delay         stm32f7xx_hal.o
    0x08000342   0x00000002   PAD
    0x08000344   0x0000021c   Code   RO          681    i.HAL_GPIO_Init     stm32f7xx_hal_gpio.o
    0x08000560   0x0000000c   Code   RO           19    i.HAL_GetTick       stm32f7xx_hal.o
    0x0800056c   0x00000010   Code   RO           20    i.HAL_IncTick       stm32f7xx_hal.o
    0x0800057c   0x00000028   Code   RO           21    i.HAL_Init          stm32f7xx_hal.o
    0x080005a4   0x00000024   Code   RO           22    i.HAL_InitTick      stm32f7xx_hal.o
    0x080005c8   0x0000005c   Code   RO          271    i.HAL_MPU_ConfigRegion  stm32f7xx_hal_cortex.o
    0x08000624   0x0000000a   Code   RO           24    i.HAL_MspInit       stm32f7xx_hal.o
    0x0800062e   0x0000007c   Code   RO          280    i.HAL_NVIC_SetPriority  stm32f7xx_hal_cortex.o
    0x080006aa   0x00000002   PAD
    0x080006ac   0x00000028   Code   RO          281    i.HAL_NVIC_SetPriorityGrouping  stm32f7xx_hal_cortex.o
    0x080006d4   0x00000094   Code   RO         1056    i.HAL_PWREx_EnableOverDrive  stm32f7xx_hal_pwr_ex.o
    0x08000768   0x00000268   Code   RO          753    i.HAL_RCC_ClockConfig  stm32f7xx_hal_rcc.o
    0x080009d0   0x00000038   Code   RO          758    i.HAL_RCC_GetHCLKFreq  stm32f7xx_hal_rcc.o
    0x08000a08   0x000000b4   Code   RO          762    i.HAL_RCC_GetSysClockFreq  stm32f7xx_hal_rcc.o
    0x08000abc   0x00000554   Code   RO          765    i.HAL_RCC_OscConfig  stm32f7xx_hal_rcc.o
    0x08001010   0x000000ce   Code   RO         1163    i.HAL_SPI_Init      stm32f7xx_hal_spi.o
    0x080010de   0x00000002   Code   RO         1165    i.HAL_SPI_MspInit   stm32f7xx_hal_spi.o
    0x080010e0   0x00000028   Code   RO          283    i.HAL_SYSTICK_CLKSourceConfig  stm32f7xx_hal_cortex.o
    0x08001108   0x00000034   Code   RO          285    i.HAL_SYSTICK_Config  stm32f7xx_hal_cortex.o
    0x0800113c   0x00000004   Code   RO         1927    i.HardFault_Handler  stm32f7xx_it.o
    0x08001140   0x00000004   Code   RO         1928    i.MemManage_Handler  stm32f7xx_it.o
    0x08001144   0x00000002   Code   RO         1929    i.NMI_Handler       stm32f7xx_it.o
    0x08001146   0x00000002   Code   RO         1930    i.PendSV_Handler    stm32f7xx_it.o
    0x08001148   0x00000002   Code   RO         1931    i.SVC_Handler       stm32f7xx_it.o
    0x0800114a   0x00000008   Code   RO         1932    i.SysTick_Handler   stm32f7xx_it.o
    0x08001152   0x00000002   PAD
    0x08001154   0x00000064   Code   RO         2844    i.SystemInit        system_stm32f7xx.o
    0x080011b8   0x00000004   Code   RO         1933    i.UsageFault_Handler  stm32f7xx_it.o
    0x080011bc   0x0000000c   Code   RO         2097    i._Z10__delay_msi   device.o
    0x080011c8   0x00000016   Code   RO         2098    i._Z10__delay_nsi   device.o
    0x080011de   0x00000002   PAD
    0x080011e0   0x00000140   Code   RO         2009    i._Z12clock_enablev  init.o
    0x08001320   0x00000004   Code   RO         2172    i._Z12gpio_pin_setP12GPIO_TypeDefj  gpio.o
    0x08001324   0x00000030   Code   RO         2174    i._Z13gpio_alt_initP12GPIO_TypeDefjjjj  gpio.o
    0x08001354   0x0000002c   Code   RO         2175    i._Z13gpio_pin_initP12GPIO_TypeDefjjj  gpio.o
    0x08001380   0x00000006   Code   RO         2179    i._Z14gpio_pin_resetP12GPIO_TypeDefj  gpio.o
    0x08001386   0x00000002   PAD
    0x08001388   0x0000006c   Code   RO         2010    i._Z17SPI_Enc28j60_Initv  init.o
    0x080013f4   0x000000d0   Code   RO         2011    i._Z18SystemClock_Configv  init.o
    0x080014c4   0x00000002   Code   RO         2012    i._Z8spi_initv      init.o
    0x080014c6   0x00000010   Code   RO         2013    i._Z9core_initv     init.o
    0x080014d6   0x00000002   PAD
    0x080014d8   0x000000a0   Code   RO         2014    i._Z9gpio_initv     init.o
    0x08001578   0x00000084   Code   RO         2015    i._ZN29_INTERNAL_8_init_cpp_8c3459f110MPU_ConfigEv  init.o
    0x080015fc   0x00000068   Code   RO         2016    i._ZN29_INTERNAL_8_init_cpp_8c3459f116CPU_CACHE_EnableEv  init.o
    0x08001664   0x0000009c   Code   RO         2017    i._ZN29_INTERNAL_8_init_cpp_8c3459f116SCB_EnableDCacheEv  init.o
    0x08001700   0x00000028   Code   RO          287    i._ZN44_INTERNAL_22_stm32f7xx_hal_cortex_c_2992dbc016NVIC_SetPriorityE9IRQn_Typej  stm32f7xx_hal_cortex.o
    0x08001728   0x00000010   Code   RO          288    i._ZN44_INTERNAL_22_stm32f7xx_hal_cortex_c_2992dbc024NVIC_GetPriorityGroupingEv  stm32f7xx_hal_cortex.o
    0x08001738   0x00000040   Code   RO         1833    i._ZN6Device7goIddleEv  main.o
    0x08001778   0x000000fc   Code   RO         1839    i._ZN6DeviceC1Ev    main.o
    0x08001874   0x00000010   Code   RO         2887    i.__cxa_guard_acquire  cpprt_w.l(cxa_guard_acquire.o)
    0x08001884   0x00000008   Code   RO         1814    i.main              main.o
    0x0800188c   0x0000000a   Code   RO         3245    x$fpl$fpinit        fz_wm.l(fpinit.o)
    0x08001896   0x00000010   Data   RO          780    .constdata          stm32f7xx_hal_rcc.o
    0x080018a6   0x00000002   PAD
    0x080018a8   0x00000028   Data   RO         2148    .constdata__ZTV11StepMotorAB  device.o
    0x080018d0   0x00000018   Data   RO         1846    .constdata__ZTV12SynchronizerI11StepMotorABE  main.o
    0x080018e8   0x00000020   Data   RO         3300    Region$$Table       anon$$obj.o


    Execution Region RW_IRAM1 (Base: 0x20010000, Size: 0x00000700, Max: 0x00040000, ABSOLUTE)

    Base Addr    Size         Type   Attr      Idx    E Section Name        Object

    0x20010000   0x00000004   Data   RW           50    .data               stm32f7xx_hal.o
    0x20010004   0x00000004   Data   RW         2797    .data               web_interface.o
    0x20010008   0x00000004   Data   RW         2848    .data               system_stm32f7xx.o
    0x2001000c   0x00000008   Data   RW         1847    .data__ZZN6DeviceC1EvE3web  main.o
    0x20010014   0x00000064   Zero   RW         2027    .bss                init.o
    0x20010078   0x00000028   Zero   RW         2190    .bss                gpio.o
    0x200100a0   0x00000060   Zero   RW         3120    .bss                c_w.l(libspace.o)
    0x20010100   0x00000200   Zero   RW         2834    HEAP                startup_stm32f746xx.o
    0x20010300   0x00000400   Zero   RW         2833    STACK               startup_stm32f746xx.o


==============================================================================

Image component sizes


      Code (inc. data)   RO Data    RW Data    ZI Data      Debug   Object Name

        34          0         40          0          0       3474   device.o
       102         10          0          0         40       2744   gpio.o
      1206         68          0          0        100      43887   init.o
       324         44         24          8          0       7089   main.o
        64         26        456          0       1536        860   startup_stm32f746xx.o
       140         16          0          4          0     344568   stm32f7xx_hal.o
       404         26          0          0          0      37511   stm32f7xx_hal_cortex.o
       540         52          0          0          0       1956   stm32f7xx_hal_gpio.o
       148          8          0          0          0       1460   stm32f7xx_hal_pwr_ex.o
      2216         48         16          0          0       5158   stm32f7xx_hal_rcc.o
       208          0          0          0          0       2037   stm32f7xx_hal_spi.o
        32          0          0          0          0       4062   stm32f7xx_it.o
       100         18          0          4          0       1211   system_stm32f7xx.o
         0          0          0          4          0       2178   web_interface.o

    ----------------------------------------------------------------------
      5530        316        570         20       1676     458195   Object Totals
         0          0         32          0          0          0   (incl. Generated)
        12          0          2          0          0          0   (incl. Padding)

    ----------------------------------------------------------------------

      Code (inc. data)   RO Data    RW Data    ZI Data      Debug   Library Member Name

         8          0          0          0          0         68   __main.o
         0          0          0          0          0          0   __rtentry.o
        12          0          0          0          0          0   __rtentry2.o
         6          0          0          0          0          0   __rtentry4.o
        52          8          0          0          0          0   __scatter.o
        26          0          0          0          0          0   __scatter_copy.o
        28          0          0          0          0          0   __scatter_zi.o
        18          0          0          0          0         80   exit.o
         6          0          0          0          0        152   heapauxi.o
         0          0          0          0          0          0   indicate_semi.o
         2          0          0          0          0          0   libinit.o
         6          0          0          0          0          0   libinit2.o
         2          0          0          0          0          0   libshutdown.o
         2          0          0          0          0          0   libshutdown2.o
         8          4          0          0         96         68   libspace.o
         2          0          0          0          0          0   rtexit.o
        10          0          0          0          0          0   rtexit2.o
        12          4          0          0          0         68   sys_exit.o
        74          0          0          0          0         80   sys_stackheap_outer.o
         2          0          0          0          0         68   use_no_semi.o
        16          0          0          0          0         68   cxa_guard_acquire.o
        10          0          0          0          0        116   fpinit.o

    ----------------------------------------------------------------------
       308         16          0          0         96        768   Library Totals
         6          0          0          0          0          0   (incl. Padding)

    ----------------------------------------------------------------------

      Code (inc. data)   RO Data    RW Data    ZI Data      Debug   Library Name

       276         16          0          0         96        584   c_w.l
        16          0          0          0          0         68   cpprt_w.l
        10          0          0          0          0        116   fz_wm.l

    ----------------------------------------------------------------------
       308         16          0          0         96        768   Library Totals

    ----------------------------------------------------------------------

==============================================================================


      Code (inc. data)   RO Data    RW Data    ZI Data      Debug   

      5838        332        570         20       1772     454455   Grand Totals
      5838        332        570         20       1772     454455   ELF Image Totals
      5838        332        570         20          0          0   ROM Totals

==============================================================================

    Total RO  Size (Code + RO Data)                 6408 (   6.26kB)
    Total RW  Size (RW Data + ZI Data)              1792 (   1.75kB)
    Total ROM Size (Code + RO Data + RW Data)       6428 (   6.28kB)

==============================================================================

